01-01 00:02:47.212   226   226 D ImgSensorDrv: [getCurrentSensorType][getCurrentSensorType] 
01-01 00:02:47.212   226   226 D ImgSensorDrv: [getInfo][getInfo],m_fdSensor = 0xa 
01-01 00:02:47.212   226   226 D ImgSensorDrv: [getSocketPosition][getSocketPosition]:[2][-1] 
01-01 00:02:47.212   226   226 D ImgSensorDrv: [impSearchSensor]sensor ID mismatch
01-01 00:02:47.212   226   226 D ImgSensorDrv: [impSearchSensor]set sensor driver id =20003
01-01 00:02:47.255   226   226 D ImgSensorDrv: [impSearchSensor][impSearchSensor] Err-ctrlCode (I/O error) 
01-01 00:02:47.255   226   226 D ImgSensorDrv: [getCurrentSensorType][getCurrentSensorType] 
01-01 00:02:47.256   226   226 D ImgSensorDrv: [getInfo][getInfo],m_fdSensor = 0xa 
01-01 00:02:47.256   226   226 D ImgSensorDrv: [getSocketPosition][getSocketPosition]:[2][-1] 
01-01 00:02:47.256   226   226 D ImgSensorDrv: [impSearchSensor]sensor ID mismatch
01-01 00:02:47.256   226   226 D ImgSensorDrv: [impSearchSensor]set sensor driver id =20004
01-01 00:02:47.299   226   226 D ImgSensorDrv: [getCurrentSensorType][getCurrentSensorType] 
01-01 00:02:47.299   226   226 D ImgSensorDrv: [getInfo][getInfo],m_fdSensor = 0xa 
01-01 00:02:47.299   226   226 D ImgSensorDrv: [getSocketPosition][getSocketPosition]:[2][-1] 
01-01 00:02:47.299   226   226 D ImgSensorDrv: [impSearchSensor]found <0x2355/gc2355mipiraw/SENSOR_DRVNAME_GC2355_MIPI_RAW>
01-01 00:02:47.299   226   226 D ImgSensorDrv: [impSearchSensor]SUB sensor found:[4]/[0x20004]/[0]/[-1] 
01-01 00:02:47.299   226   226 D ImgSensorDrv: [impSearchSensor]set sensor driver id =20005
01-01 00:02:47.352   437   441 E MDLOGGER: select timeout
01-01 00:02:47.353   437   441 D MDLOGGER: mdlogger socket select start
01-01 00:02:47.412   226   226 D ImgSensorDrv: [impSearchSensor][impSearchSensor] Err-ctrlCode (I/O error) 
01-01 00:02:47.412   226   226 D ImgSensorDrv: [getCurrentSensorType][getCurrentSensorType] 
01-01 00:02:47.412   226   226 D ImgSensorDrv: [getInfo][getInfo],m_fdSensor = 0xa 
01-01 00:02:47.412   226   226 D ImgSensorDrv: [getSocketPosition][getSocketPosition]:[2][-1] 
01-01 00:02:47.412   226   226 D ImgSensorDrv: [impSearchSensor]sensor ID mismatch
01-01 00:02:47.412   226   226 D ImgSensorDrv: [impSearchSensor]m_pstSensorInitFunc[i].getCameraDefault is NULL: 6 
01-01 00:02:47.412   226   226 D ImgSensorDrv: [impSearchSensor]SENSOR search end: 0x3 /[0x9760][0]/[0xffffff][255]/[0x2355][4]
01-01 00:02:47.412   226   226 D ImgSensorDrv: [init][init] mUsers = 0
01-01 00:02:47.413   226   226 D ImgSensorDrv: [getResolution][getResolution] ACDK_SENSOR_RESOLUTION_INFO_STRUCT
01-01 00:02:47.413   226   226 D ImgSensorDrv: [init][featureControl]: SENSOR_FEATURE_GET_PIXEL_CLOCK_FREQ
01-01 00:02:47.413   226   226 D ImgSensorDrv: [init][init]: m_LineTimeInus[0] = 31
01-01 00:02:47.413   226   226 D ImgSensorDrv: [getInfo2]prv w=0xa00,h=0x780
01-01 00:02:47.413   226   226 D ImgSensorDrv: [getInfo2]cap w=0xa00,h=0x780
01-01 00:02:47.413   226   226 D ImgSensorDrv: [getInfo2]vd  w=0xa00,h=0x780
01-01 00:02:47.413   226   226 D ImgSensorDrv: [getInfo2]pre GrapX=0x1,GrapY=0x0
01-01 00:02:47.413   226   226 D ImgSensorDrv: [uninit][uninit]imgsensor_drv mUsers = 1
01-01 00:02:47.413   226   226 D ImgSensorDrv: [init][init] mUsers = 0
01-01 00:02:47.413   226   226 D ImgSensorDrv: [getResolution][getResolution] ACDK_SENSOR_RESOLUTION_INFO_STRUCT
01-01 00:02:47.414   226   226 D ImgSensorDrv: [init][init]: m_LineTimeInus[1] = 31
01-01 00:02:47.414   226   226 D ImgSensorDrv: [getInfo2]prv w=0x640,h=0x4b0
01-01 00:02:47.414   226   226 D ImgSensorDrv: [getInfo2]cap w=0x640,h=0x4b0
01-01 00:02:47.414   226   226 D ImgSensorDrv: [getInfo2]vd  w=0x640,h=0x4b0
01-01 00:02:47.414   226   226 D ImgSensorDrv: [getInfo2]pre GrapX=0x0,GrapY=0x0
01-01 00:02:47.414   226   226 D ImgSensorDrv: [uninit][uninit]imgsensor_drv mUsers = 1
01-01 00:02:47.414   226   226 D ImgSensorDrv: [init][init] mUsers = 0
01-01 00:02:47.414   226   226 D ImgSensorDrv: [getResolution][getResolution] ACDK_SENSOR_RESOLUTION_INFO_STRUCT
01-01 00:02:47.414   226   226 D ImgSensorDrv: [init][featureControl]: SENSOR_FEATURE_GET_PIXEL_CLOCK_FREQ
01-01 00:02:47.414   226   226 D ImgSensorDrv: [init][init]: m_LineTimeInus[0] = 31
01-01 00:02:47.415   226   226 D ImgSensorDrv: [uninit][uninit]imgsensor_drv mUsers = 1
01-01 00:02:47.415   226   226 D ImgSensorDrv: [init][init] mUsers = 0
01-01 00:02:47.415   226   226 D ImgSensorDrv: [getResolution][getResolution] ACDK_SENSOR_RESOLUTION_INFO_STRUCT
01-01 00:02:47.415   226   226 D ImgSensorDrv: [init][init]: m_LineTimeInus[1] = 31
01-01 00:02:47.416   226   226 D ImgSensorDrv: [uninit][uninit]imgsensor_drv mUsers = 1
01-01 00:02:47.417   226   226 W MtkCam/HalSensorList: [impConstructStaticMetadata_by_SymbolName] constructCustStaticMetadata_DEVICE_LENS_SENSOR_DRVNAME_OV9760_MIPI_RAW not found
01-01 00:02:47.418   226   226 W MtkCam/HalSensorList: [impConstructStaticMetadata_by_SymbolName] constructCustStaticMetadata_DEVICE_LENS_COMMON not found
01-01 00:02:47.418   226   226 W MtkCam/HalSensorList: [impConstructStaticMetadata_by_SymbolName] constructCustStaticMetadata_DEVICE_SENSOR_SENSOR_DRVNAME_OV9760_MIPI_RAW not found
01-01 00:02:47.419   226   226 W MtkCam/HalSensorList: [impConstructStaticMetadata_by_SymbolName] constructCustStaticMetadata_DEVICE_SENSOR_COMMON not found
01-01 00:02:47.419   226   226 W MtkCam/HalSensorList: [impConstructStaticMetadata_by_SymbolName] constructCustStaticMetadata_DEVICE_TUNING_3A_SENSOR_DRVNAME_OV9760_MIPI_RAW not found
01-01 00:02:47.420   226   226 W MtkCam/HalSensorList: [impConstructStaticMetadata_by_SymbolName] constructCustStaticMetadata_DEVICE_TUNING_3A_COMMON not found
01-01 00:02:47.420   226   226 W MtkCam/HalSensorList: [impConstructStaticMetadata_by_SymbolName] constructCustStaticMetadata_DEVICE_FLASHLIGHT_SENSOR_DRVNAME_OV9760_MIPI_RAW not found
01-01 00:02:47.421   226   226 W MtkCam/HalSensorList: [impConstructStaticMetadata_by_SymbolName] constructCustStaticMetadata_DEVICE_FLASHLIGHT_COMMON not found
01-01 00:02:47.421   226   226 W MtkCam/HalSensorList: [impConstructStaticMetadata_by_SymbolName] constructCustStaticMetadata_DEVICE_SCALER_SENSOR_DRVNAME_OV9760_MIPI_RAW not found
01-01 00:02:47.422   226   226 W MtkCam/HalSensorList: [impConstructStaticMetadata_by_SymbolName] constructCustStaticMetadata_DEVICE_SCALER_COMMON not found
01-01 00:02:47.423   226   226 W MtkCam/HalSensorList: [impConstructStaticMetadata_by_SymbolName] constructCustStaticMetadata_DEVICE_FEATURE_SENSOR_DRVNAME_OV9760_MIPI_RAW not found
01-01 00:02:47.423   226   226 W MtkCam/HalSensorList: [impConstructStaticMetadata_by_SymbolName] constructCustStaticMetadata_DEVICE_FEATURE_COMMON not found
01-01 00:02:47.424   226   226 W MtkCam/HalSensorList: [impConstructStaticMetadata_by_SymbolName] constructCustStaticMetadata_DEVICE_CAMERA_SENSOR_DRVNAME_OV9760_MIPI_RAW not found
01-01 00:02:47.425   226   226 W MtkCam/HalSensorList: [impConstructStaticMetadata_by_SymbolName] constructCustStaticMetadata_DEVICE_CAMERA_COMMON not found
01-01 00:02:47.425   226   226 W MtkCam/HalSensorList: [impConstructStaticMetadata_by_SymbolName] constructCustStaticMetadata_DEVICE_REQUEST_SENSOR_DRVNAME_OV9760_MIPI_RAW not found
01-01 00:02:47.426   226   226 W MtkCam/HalSensorList: [impConstructStaticMetadata_by_SymbolName] constructCustStaticMetadata_DEVICE_REQUEST_COMMON not found
01-01 00:02:47.427   226   226 W MtkCam/HalSensorList: [impConstructStaticMetadata_by_SymbolName] constructCustStaticMetadata_PROJECT_LENS_SENSOR_DRVNAME_OV9760_MIPI_RAW not found
01-01 00:02:47.427   226   226 W MtkCam/HalSensorList: [impConstructStaticMetadata_by_SymbolName] constructCustStaticMetadata_PROJECT_LENS_COMMON not found
01-01 00:02:47.428   226   226 W MtkCam/HalSensorList: [impConstructStaticMetadata_by_SymbolName] constructCustStaticMetadata_PROJECT_SENSOR_SENSOR_DRVNAME_OV9760_MIPI_RAW not found
01-01 00:02:47.429   226   226 W MtkCam/HalSensorList: [impConstructStaticMetadata_by_SymbolName] constructCustStaticMetadata_PROJECT_SENSOR_COMMON not found
01-01 00:02:47.429   226   226 W MtkCam/HalSensorList: [impConstructStaticMetadata_by_SymbolName] constructCustStaticMetadata_PROJECT_TUNING_3A_SENSOR_DRVNAME_OV9760_MIPI_RAW not found
01-01 00:02:47.430   226   226 W MtkCam/HalSensorList: [impConstructStaticMetadata_by_SymbolName] constructCustStaticMetadata_PROJECT_TUNING_3A_COMMON not found
01-01 00:02:47.430   226   226 W MtkCam/HalSensorList: [impConstructStaticMetadata_by_SymbolName] constructCustStaticMetadata_PROJECT_FLASHLIGHT_SENSOR_DRVNAME_OV9760_MIPI_RAW not found
01-01 00:02:47.431   226   226 W MtkCam/HalSensorList: [impConstructStaticMetadata_by_SymbolName] constructCustStaticMetadata_PROJECT_FLASHLIGHT_COMMON not found
01-01 00:02:47.432   226   226 W MtkCam/HalSensorList: [impConstructStaticMetadata_by_SymbolName] constructCustStaticMetadata_PROJECT_SCALER_SENSOR_DRVNAME_OV9760_MIPI_RAW not found
01-01 00:02:47.432   226   226 W MtkCam/HalSensorList: [impConstructStaticMetadata_by_SymbolName] constructCustStaticMetadata_PROJECT_SCALER_COMMON not found
01-01 00:02:47.433   226   226 W MtkCam/HalSensorList: [impConstructStaticMetadata_by_SymbolName] constructCustStaticMetadata_PROJECT_FEATURE_SENSOR_DRVNAME_OV9760_MIPI_RAW not found
01-01 00:02:47.434   226   226 W MtkCam/HalSensorList: [impConstructStaticMetadata_by_SymbolName] constructCustStaticMetadata_PROJECT_FEATURE_COMMON not found
01-01 00:02:47.434   226   226 W MtkCam/HalSensorList: [impConstructStaticMetadata_by_SymbolName] constructCustStaticMetadata_PROJECT_CAMERA_SENSOR_DRVNAME_OV9760_MIPI_RAW not found
01-01 00:02:47.435   226   226 W MtkCam/HalSensorList: [impConstructStaticMetadata_by_SymbolName] constructCustStaticMetadata_PROJECT_CAMERA_COMMON not found
01-01 00:02:47.436   226   226 W MtkCam/HalSensorList: [impConstructStaticMetadata_by_SymbolName] constructCustStaticMetadata_PROJECT_REQUEST_SENSOR_DRVNAME_OV9760_MIPI_RAW not found
01-01 00:02:47.436   226   226 W MtkCam/HalSensorList: [impConstructStaticMetadata_by_SymbolName] constructCustStaticMetadata_PROJECT_REQUEST_COMMON not found
01-01 00:02:47.441   226   226 W MtkCam/HalSensorList: [impConstructStaticMetadata_by_SymbolName] constructCustStaticMetadata_DEVICE_SCALER_SENSOR_DRVNAME_GC2355_MIPI_RAW not found
01-01 00:02:47.441   226   226 W MtkCam/HalSensorList: [impConstructStaticMetadata_by_SymbolName] constructCustStaticMetadata_DEVICE_SCALER_COMMON not found
01-01 00:02:47.442   226   226 W MtkCam/HalSensorList: [impConstructStaticMetadata_by_SymbolName] constructCustStaticMetadata_DEVICE_FEATURE_SENSOR_DRVNAME_GC2355_MIPI_RAW not found
01-01 00:02:47.443   226   226 W MtkCam/HalSensorList: [impConstructStaticMetadata_by_SymbolName] constructCustStaticMetadata_DEVICE_FEATURE_COMMON not found
01-01 00:02:47.444   226   226 W MtkCam/HalSensorList: [impConstructStaticMetadata_by_SymbolName] constructCustStaticMetadata_DEVICE_REQUEST_SENSOR_DRVNAME_GC2355_MIPI_RAW not found
01-01 00:02:47.445   226   226 W MtkCam/HalSensorList: [impConstructStaticMetadata_by_SymbolName] constructCustStaticMetadata_DEVICE_REQUEST_COMMON not found
01-01 00:02:47.445   226   226 W MtkCam/HalSensorList: [impConstructStaticMetadata_by_SymbolName] constructCustStaticMetadata_PROJECT_LENS_SENSOR_DRVNAME_GC2355_MIPI_RAW not found
01-01 00:02:47.446   226   226 W MtkCam/HalSensorList: [impConstructStaticMetadata_by_SymbolName] constructCustStaticMetadata_PROJECT_LENS_COMMON not found
01-01 00:02:47.446   226   226 W MtkCam/HalSensorList: [impConstructStaticMetadata_by_SymbolName] constructCustStaticMetadata_PROJECT_SENSOR_SENSOR_DRVNAME_GC2355_MIPI_RAW not found
01-01 00:02:47.447   226   226 W MtkCam/HalSensorList: [impConstructStaticMetadata_by_SymbolName] constructCustStaticMetadata_PROJECT_SENSOR_COMMON not found
01-01 00:02:47.448   226   226 W MtkCam/HalSensorList: [impConstructStaticMetadata_by_SymbolName] constructCustStaticMetadata_PROJECT_TUNING_3A_SENSOR_DRVNAME_GC2355_MIPI_RAW not found
01-01 00:02:47.448   226   226 W MtkCam/HalSensorList: [impConstructStaticMetadata_by_SymbolName] constructCustStaticMetadata_PROJECT_TUNING_3A_COMMON not found
01-01 00:02:47.449   226   226 W MtkCam/HalSensorList: [impConstructStaticMetadata_by_SymbolName] constructCustStaticMetadata_PROJECT_FLASHLIGHT_SENSOR_DRVNAME_GC2355_MIPI_RAW not found
01-01 00:02:47.450   226   226 W MtkCam/HalSensorList: [impConstructStaticMetadata_by_SymbolName] constructCustStaticMetadata_PROJECT_FLASHLIGHT_COMMON not found
01-01 00:02:47.450   226   226 W MtkCam/HalSensorList: [impConstructStaticMetadata_by_SymbolName] constructCustStaticMetadata_PROJECT_SCALER_SENSOR_DRVNAME_GC2355_MIPI_RAW not found
01-01 00:02:47.451   226   226 W MtkCam/HalSensorList: [impConstructStaticMetadata_by_SymbolName] constructCustStaticMetadata_PROJECT_SCALER_COMMON not found
01-01 00:02:47.451   226   226 W MtkCam/HalSensorList: [impConstructStaticMetadata_by_SymbolName] constructCustStaticMetadata_PROJECT_FEATURE_SENSOR_DRVNAME_GC2355_MIPI_RAW not found
01-01 00:02:47.452   226   226 W MtkCam/HalSensorList: [impConstructStaticMetadata_by_SymbolName] constructCustStaticMetadata_PROJECT_FEATURE_COMMON not found
01-01 00:02:47.453   226   226 W MtkCam/HalSensorList: [impConstructStaticMetadata_by_SymbolName] constructCustStaticMetadata_PROJECT_CAMERA_SENSOR_DRVNAME_GC2355_MIPI_RAW not found
01-01 00:02:47.453   226   226 W MtkCam/HalSensorList: [impConstructStaticMetadata_by_SymbolName] constructCustStaticMetadata_PROJECT_CAMERA_COMMON not found
01-01 00:02:47.454   226   226 W MtkCam/HalSensorList: [impConstructStaticMetadata_by_SymbolName] constructCustStaticMetadata_PROJECT_REQUEST_SENSOR_DRVNAME_GC2355_MIPI_RAW not found
01-01 00:02:47.455   226   226 W MtkCam/HalSensorList: [impConstructStaticMetadata_by_SymbolName] constructCustStaticMetadata_PROJECT_REQUEST_COMMON not found
01-01 00:02:47.455   226   226 D SeninfDrvImp: [setMclk1][setTg1PhaseCounter] pcEn(0) clkPol(0) CamPll(0x0) mMclk1User(0)
01-01 00:02:47.455   226   226 D SeninfDrvImp: [setMclk2][setTg2PhaseCounter] pcEn(0) clkPol(0) CamPll(0x0) mMclk2User(0)
01-01 00:02:47.456   226   226 D SeninfDrvImp: [uninit][uninit]: 1 
01-01 00:02:47.456   226   226 D SeninfDrvImp: [uninit][uninit]: 0 
01-01 00:02:47.457   226   226 D MtkCam/MetadataProvider.constructStatic: [constructStaticMetadata] construct static metadata
01-01 00:02:47.458   226   226 W MtkCam/MetadataProvider.constructStatic: [impConstructStaticMetadata_by_SymbolName] constructCustStaticMetadata_DEVICE_LENS_SENSOR_DRVNAME_OV9760_MIPI_RAW not found
01-01 00:02:47.458   226   226 W MtkCam/MetadataProvider.constructStatic: [impConstructStaticMetadata_by_SymbolName] constructCustStaticMetadata_DEVICE_LENS_COMMON not found
01-01 00:02:47.458   226   226 W MtkCam/MetadataProvider.constructStatic: [impConstructStaticMetadata_by_SymbolName] constructCustStaticMetadata_DEVICE_SENSOR_SENSOR_DRVNAME_OV9760_MIPI_RAW not found
01-01 00:02:47.459   226   226 W MtkCam/MetadataProvider.constructStatic: [impConstructStaticMetadata_by_SymbolName] constructCustStaticMetadata_DEVICE_SENSOR_COMMON not found
01-01 00:02:47.459   226   226 W MtkCam/MetadataProvider.constructStatic: [impConstructStaticMetadata_by_SymbolName] constructCustStaticMetadata_DEVICE_TUNING_3A_SENSOR_DRVNAME_OV9760_MIPI_RAW not found
01-01 00:02:47.459   226   226 W MtkCam/MetadataProvider.constructStatic: [impConstructStaticMetadata_by_SymbolName] constructCustStaticMetadata_DEVICE_TUNING_3A_COMMON not found
01-01 00:02:47.460   226   226 W MtkCam/MetadataProvider.constructStatic: [impConstructStaticMetadata_by_SymbolName] constructCustStaticMetadata_DEVICE_FLASHLIGHT_SENSOR_DRVNAME_OV9760_MIPI_RAW not found
01-01 00:02:47.460   226   226 W MtkCam/MetadataProvider.constructStatic: [impConstructStaticMetadata_by_SymbolName] constructCustStaticMetadata_DEVICE_FLASHLIGHT_COMMON not found
01-01 00:02:47.460   226   226 W MtkCam/MetadataProvider.constructStatic: [impConstructStaticMetadata_by_SymbolName] constructCustStaticMetadata_DEVICE_SCALER_SENSOR_DRVNAME_OV9760_MIPI_RAW not found
01-01 00:02:47.460   226   226 W MtkCam/MetadataProvider.constructStatic: [impConstructStaticMetadata_by_SymbolName] constructCustStaticMetadata_DEVICE_SCALER_COMMON not found
01-01 00:02:47.461   226   226 W MtkCam/MetadataProvider.constructStatic: [impConstructStaticMetadata_by_SymbolName] constructCustStaticMetadata_DEVICE_FEATURE_SENSOR_DRVNAME_OV9760_MIPI_RAW not found
01-01 00:02:47.461   226   226 W MtkCam/MetadataProvider.constructStatic: [impConstructStaticMetadata_by_SymbolName] constructCustStaticMetadata_DEVICE_FEATURE_COMMON not found
01-01 00:02:47.461   226   226 W MtkCam/MetadataProvider.constructStatic: [impConstructStaticMetadata_by_SymbolName] constructCustStaticMetadata_DEVICE_CAMERA_SENSOR_DRVNAME_OV9760_MIPI_RAW not found
01-01 00:02:47.462   226   226 W MtkCam/MetadataProvider.constructStatic: [impConstructStaticMetadata_by_SymbolName] constructCustStaticMetadata_DEVICE_REQUEST_SENSOR_DRVNAME_OV9760_MIPI_RAW not found
01-01 00:02:47.462   226   226 W MtkCam/MetadataProvider.constructStatic: [impConstructStaticMetadata_by_SymbolName] constructCustStaticMetadata_DEVICE_REQUEST_COMMON not found
01-01 00:02:47.463   226   226 W MtkCam/MetadataProvider.constructStatic: [impConstructStaticMetadata_by_SymbolName] constructCustStaticMetadata_PROJECT_LENS_SENSOR_DRVNAME_OV9760_MIPI_RAW not found
01-01 00:02:47.463   226   226 W MtkCam/MetadataProvider.constructStatic: [impConstructStaticMetadata_by_SymbolName] constructCustStaticMetadata_PROJECT_LENS_COMMON not found
01-01 00:02:47.463   226   226 W MtkCam/MetadataProvider.constructStatic: [impConstructStaticMetadata_by_SymbolName] constructCustStaticMetadata_PROJECT_SENSOR_SENSOR_DRVNAME_OV9760_MIPI_RAW not found
01-01 00:02:47.463   226   226 W MtkCam/MetadataProvider.constructStatic: [impConstructStaticMetadata_by_SymbolName] constructCustStaticMetadata_PROJECT_SENSOR_COMMON not found
01-01 00:02:47.464   226   226 W MtkCam/MetadataProvider.constructStatic: [impConstructStaticMetadata_by_SymbolName] constructCustStaticMetadata_PROJECT_TUNING_3A_SENSOR_DRVNAME_OV9760_MIPI_RAW not found
01-01 00:02:47.464   226   226 W MtkCam/MetadataProvider.constructStatic: [impConstructStaticMetadata_by_SymbolName] constructCustStaticMetadata_PROJECT_TUNING_3A_COMMON not found
01-01 00:02:47.464   226   226 W MtkCam/MetadataProvider.constructStatic: [impConstructStaticMetadata_by_SymbolName] constructCustStaticMetadata_PROJECT_FLASHLIGHT_SENSOR_DRVNAME_OV9760_MIPI_RAW not found
01-01 00:02:47.465   226   226 W MtkCam/MetadataProvider.constructStatic: [impConstructStaticMetadata_by_SymbolName] constructCustStaticMetadata_PROJECT_FLASHLIGHT_COMMON not found
01-01 00:02:47.465   226   226 W MtkCam/MetadataProvider.constructStatic: [impConstructStaticMetadata_by_SymbolName] constructCustStaticMetadata_PROJECT_SCALER_SENSOR_DRVNAME_OV9760_MIPI_RAW not found
01-01 00:02:47.465   226   226 W MtkCam/MetadataProvider.constructStatic: [impConstructStaticMetadata_by_SymbolName] constructCustStaticMetadata_PROJECT_SCALER_COMMON not found
01-01 00:02:47.465   226   226 W MtkCam/MetadataProvider.constructStatic: [impConstructStaticMetadata_by_SymbolName] constructCustStaticMetadata_PROJECT_FEATURE_SENSOR_DRVNAME_OV9760_MIPI_RAW not found
01-01 00:02:47.466   226   226 W MtkCam/MetadataProvider.constructStatic: [impConstructStaticMetadata_by_SymbolName] constructCustStaticMetadata_PROJECT_FEATURE_COMMON not found
01-01 00:02:47.466   226   226 W MtkCam/MetadataProvider.constructStatic: [impConstructStaticMetadata_by_SymbolName] constructCustStaticMetadata_PROJECT_CAMERA_SENSOR_DRVNAME_OV9760_MIPI_RAW not found
01-01 00:02:47.466   226   226 W MtkCam/MetadataProvider.constructStatic: [impConstructStaticMetadata_by_SymbolName] constructCustStaticMetadata_PROJECT_CAMERA_COMMON not found
01-01 00:02:47.467   226   226 W MtkCam/MetadataProvider.constructStatic: [impConstructStaticMetadata_by_SymbolName] constructCustStaticMetadata_PROJECT_REQUEST_SENSOR_DRVNAME_OV9760_MIPI_RAW not found
01-01 00:02:47.467   226   226 W MtkCam/MetadataProvider.constructStatic: [impConstructStaticMetadata_by_SymbolName] constructCustStaticMetadata_PROJECT_REQUEST_COMMON not found
01-01 00:02:47.467   226   226 D MtkCam/MetadataProvider.constructStatic: [constructStaticMetadata] Allocating 7 entries from customization
01-01 00:02:47.467   226   226 D MtkCam/MetadataProvider.constructStatic: [constructStaticMetadata] Allocating 0 entries from sensor HAL
01-01 00:02:47.467   226   226 D MtkCam/MetadataProvider.constructStatic: [constructStaticMetadata] Allocating 7 entries from customization + sensor HAL
01-01 00:02:47.468   226   226 D MtkCam/Metadata: [add] [0] deviceId:0 -> 0xb6023020
01-01 00:02:47.469   226   226 D MtkCam/MetadataProvider.constructStatic: [constructStaticMetadata] construct static metadata
01-01 00:02:47.469   226   226 W MtkCam/MetadataProvider.constructStatic: [impConstructStaticMetadata_by_SymbolName] constructCustStaticMetadata_DEVICE_LENS_SENSOR_DRVNAME_GC2355_MIPI_RAW returns status[Unknown error -1(-1)]
01-01 00:02:47.470   226   226 W MtkCam/MetadataProvider.constructStatic: [impConstructStaticMetadata_by_SymbolName] constructCustStaticMetadata_DEVICE_LENS_COMMON not found
01-01 00:02:47.471   226   226 W MtkCam/MetadataProvider.constructStatic: [impConstructStaticMetadata_by_SymbolName] constructCustStaticMetadata_DEVICE_SENSOR_SENSOR_DRVNAME_GC2355_MIPI_RAW returns status[Unknown error -1(-1)]
01-01 00:02:47.471   226   226 W MtkCam/MetadataProvider.constructStatic: [impConstructStaticMetadata_by_SymbolName] constructCustStaticMetadata_DEVICE_SENSOR_COMMON not found
01-01 00:02:47.472   226   226 W MtkCam/MetadataProvider.constructStatic: [impConstructStaticMetadata_by_SymbolName] constructCustStaticMetadata_DEVICE_TUNING_3A_SENSOR_DRVNAME_GC2355_MIPI_RAW returns status[Unknown error -1(-1)]
01-01 00:02:47.473   226   226 W MtkCam/MetadataProvider.constructStatic: [impConstructStaticMetadata_by_SymbolName] constructCustStaticMetadata_DEVICE_TUNING_3A_COMMON not found
01-01 00:02:47.473   226   226 W MtkCam/MetadataProvider.constructStatic: [impConstructStaticMetadata_by_SymbolName] constructCustStaticMetadata_DEVICE_FLASHLIGHT_SENSOR_DRVNAME_GC2355_MIPI_RAW returns status[Unknown error -1(-1)]
01-01 00:02:47.473   226   226 W MtkCam/MetadataProvider.constructStatic: [impConstructStaticMetadata_by_SymbolName] constructCustStaticMetadata_DEVICE_FLASHLIGHT_COMMON not found
01-01 00:02:47.475   226   226 W MtkCam/MetadataProvider.constructStatic: [impConstructStaticMetadata_by_SymbolName] constructCustStaticMetadata_DEVICE_CAMERA_SENSOR_DRVNAME_GC2355_MIPI_RAW returns status[Unknown error -1(-1)]
01-01 00:02:47.477   226   226 W MtkCam/MetadataProvider.constructStatic: [impConstructStaticMetadata_by_SymbolName] constructCustStaticMetadata_PROJECT_LENS_SENSOR_DRVNAME_GC2355_MIPI_RAW not found
01-01 00:02:47.477   226   226 W MtkCam/MetadataProvider.constructStatic: [impConstructStaticMetadata_by_SymbolName] constructCustStaticMetadata_PROJECT_LENS_COMMON not found
01-01 00:02:47.477   226   226 W MtkCam/MetadataProvider.constructStatic: [impConstructStaticMetadata_by_SymbolName] constructCustStaticMetadata_PROJECT_SENSOR_SENSOR_DRVNAME_GC2355_MIPI_RAW not found
01-01 00:02:47.477   226   226 W MtkCam/MetadataProvider.constructStatic: [impConstructStaticMetadata_by_SymbolName] constructCustStaticMetadata_PROJECT_SENSOR_COMMON not found
01-01 00:02:47.478   226   226 W MtkCam/MetadataProvider.constructStatic: [impConstructStaticMetadata_by_SymbolName] constructCustStaticMetadata_PROJECT_TUNING_3A_SENSOR_DRVNAME_GC2355_MIPI_RAW not found
01-01 00:02:47.478   226   226 W MtkCam/MetadataProvider.constructStatic: [impConstructStaticMetadata_by_SymbolName] constructCustStaticMetadata_PROJECT_TUNING_3A_COMMON not found
01-01 00:02:47.478   226   226 W MtkCam/MetadataProvider.constructStatic: [impConstructStaticMetadata_by_SymbolName] constructCustStaticMetadata_PROJECT_FLASHLIGHT_SENSOR_DRVNAME_GC2355_MIPI_RAW not found
01-01 00:02:47.479   226   226 W MtkCam/MetadataProvider.constructStatic: [impConstructStaticMetadata_by_SymbolName] constructCustStaticMetadata_PROJECT_FLASHLIGHT_COMMON not found
01-01 00:02:47.479   226   226 W MtkCam/MetadataProvider.constructStatic: [impConstructStaticMetadata_by_SymbolName] constructCustStaticMetadata_PROJECT_SCALER_SENSOR_DRVNAME_GC2355_MIPI_RAW not found
01-01 00:02:47.479   226   226 W MtkCam/MetadataProvider.constructStatic: [impConstructStaticMetadata_by_SymbolName] constructCustStaticMetadata_PROJECT_SCALER_COMMON not found
01-01 00:02:47.480   226   226 W MtkCam/MetadataProvider.constructStatic: [impConstructStaticMetadata_by_SymbolName] constructCustStaticMetadata_PROJECT_FEATURE_SENSOR_DRVNAME_GC2355_MIPI_RAW not found
01-01 00:02:47.480   226   226 W MtkCam/MetadataProvider.constructStatic: [impConstructStaticMetadata_by_SymbolName] constructCustStaticMetadata_PROJECT_FEATURE_COMMON not found
01-01 00:02:47.480   226   226 W MtkCam/MetadataProvider.constructStatic: [impConstructStaticMetadata_by_SymbolName] constructCustStaticMetadata_PROJECT_CAMERA_SENSOR_DRVNAME_GC2355_MIPI_RAW not found
01-01 00:02:47.480   226   226 W MtkCam/MetadataProvider.constructStatic: [impConstructStaticMetadata_by_SymbolName] constructCustStaticMetadata_PROJECT_CAMERA_COMMON not found
01-01 00:02:47.481   226   226 W MtkCam/MetadataProvider.constructStatic: [impConstructStaticMetadata_by_SymbolName] constructCustStaticMetadata_PROJECT_REQUEST_SENSOR_DRVNAME_GC2355_MIPI_RAW not found
01-01 00:02:47.481   226   226 W MtkCam/MetadataProvider.constructStatic: [impConstructStaticMetadata_by_SymbolName] constructCustStaticMetadata_PROJECT_REQUEST_COMMON not found
01-01 00:02:47.481   226   226 D MtkCam/MetadataProvider.constructStatic: [constructStaticMetadata] Allocating 79 entries from customization
01-01 00:02:47.481   226   226 D MtkCam/MetadataProvider.constructStatic: [constructStaticMetadata] Allocating 59 entries from sensor HAL
01-01 00:02:47.481   226   226 D MtkCam/MetadataProvider.constructStatic: [constructStaticMetadata] Allocating 79 entries from customization + sensor HAL
01-01 00:02:47.483   226   226 D MtkCam/Metadata: [add] [1] deviceId:1 -> 0xb6023ce0
01-01 00:02:47.484   226   226 I MtkCam/devicemgr: [enumDeviceLocked] i4DeviceNum=2
01-01 00:02:47.484   226   226 I MtkCam/devicemgr: [enumDeviceLocked] [0x00] DeviceVersion:0x100 metadata:0xb606b400 facing:0 orientation(wanted/setup)=(90/90)
01-01 00:02:47.484   226   226 I MtkCam/devicemgr: [enumDeviceLocked] [0x01] DeviceVersion:0x100 metadata:0xb1f49000 facing:1 orientation(wanted/setup)=(270/270)
01-01 00:02:47.484   226   226 I MtkCam/devicemgr: [enumDeviceLocked] [0xff] DeviceVersion:0x100 metadata:0x000000 facing:0 orientation(wanted/setup)=(0/0)
01-01 00:02:47.484   226   226 I MtkCam/Utils/Profile: {CamProfile}[CamDeviceManagerBase::getNumberOfDevices] : (0-th) ===> [start-->now: 991 ms]
01-01 00:02:47.484   226   226 I CameraService: Loaded "MediaTek Camera Module" camera module
01-01 00:02:47.485   226   226 I ServiceManager: Waiting for service media.camera.proxy...
01-01 00:02:48.485   226   226 I ServiceManager: Waiting for service media.camera.proxy...
01-01 00:02:48.500   438   438 I gsm0710muxd: type=1400 audit(0.0:63): avc: denied { fsetid } for capability=4 scontext=u:r:gsm0710muxd:s0 tcontext=u:r:gsm0710muxd:s0 tclass=capability permissive=1
01-01 00:02:48.560   543   543 I init    : type=1400 audit(0.0:64): avc: denied { create } for name="rild-vsim" scontext=u:r:init:s0 tcontext=u:object_r:socket_device:s0 tclass=sock_file permissive=1
01-01 00:02:48.560   543   543 I init    : type=1400 audit(0.0:65): avc: denied { setattr } for name="rild-vsim" dev="tmpfs" ino=675 scontext=u:r:init:s0 tcontext=u:object_r:socket_device:s0 tclass=sock_file permissive=1
01-01 00:02:48.645   543   543 I MFI-Conn: @@@@@@@@@@ main_entity_init() is running @@@@@@@@@@
01-01 00:02:48.645   543   543 D MFI-Conn: main_entity_init(): Chiptest Enables = "NaN"
01-01 00:02:48.652   543   547 I MFI-Conn: posix_thrd_exec_hdl(): A thrd with TID = 547 is going to be created!!
01-01 00:02:48.652   543   543 I MFI-Conn: posix_thrd_init(): The thrd with TID = 547 has been created!!
01-01 00:02:48.652   543   543 I MFI-Conn: ########## main_entity_init() has finished @@@@@@@@@@
01-01 00:02:48.652   543   543 I MFI-Conn: mal_mfia_start(): the main entity has been initialized!!
01-01 00:02:48.653   543   548 I MFI-Conn: posix_thrd_exec_hdl(): A thrd with TID = 548 is going to be created!!
01-01 00:02:48.653   543   543 I MFI-Conn: posix_thrd_init(): The thrd with TID = 548 has been created!!
01-01 00:02:48.653   543   543 D MFI-Conn: mfia_task_exec(): 6
01-01 00:02:48.653   543   548 I MFI-Conn: ro.crypto.state = unencrypted
01-01 00:02:48.653   543   548 I MFI-Conn: waiting nvram ready! 0
01-01 00:02:48.654   543   548 I MFI-Conn: service.nvram_init = Ready, 1
01-01 00:02:48.654   543   548 I MFI-Conn: Gotten ret=0,nvram_init = Ready!
01-01 00:02:48.654   543   548 I MFI-Conn: unencrypted!!
01-01 00:02:48.654   543   548 D MFI-Conn: ==== mfia_task_bootstrap(): the internal FD 5 for MFIA is accepted!! ====
01-01 00:02:48.654   543   548 I MFI-Conn: is_mal(): IMS_SUPPORT = "NaN"
01-01 00:02:48.654   543   548 I MFI-Conn: is_mal():EPDG_SUPPORT = "NaN"
01-01 00:02:48.654   543   543 E MFI-Conn: ==== thrd_task_exec(): the internal FD 6 for conn. is connected!! ====
01-01 00:02:48.654   543   548 I MFI-Conn: mfia_task_bootstrap(): the ctrl_chnl with FD -1 has been initialized!!
01-01 00:02:48.654   543   543 I MFI-Conn: mal_mfia_start(): the MFIA entity has been initialized!!
01-01 00:02:48.999   239   365 D agps    : [agps] WARNING: [CP] cp2_fd_1_req_sim_num_timeout
01-01 00:02:48.999   239   342 D agps    : [agps][n][CP] [MD_1] write  sim_info_req
01-01 00:02:49.004   589   589 F libc    : page record for 0xb6f2201c was not found (block_size=16)
01-01 00:02:49.004   239   342 D agps    : [agps][n][CP] [MD_1] read  sim_info_rsp  sim_number=2 md_type=0 (0=fdd, 1=tdd) ecid=0 otdoa=0 band_num=0
01-01 00:02:49.005   239   342 E agps    : [agps] ERR: [CP] band_num is not ready  retry=1
01-01 00:02:49.033   272   272 W perfprofd: unable to open config directory /data/data/com.google.android.gms/files: (No such file or directory)
01-01 00:02:49.034   272   272 I perfprofd: profile collection skipped (missing config directory)
01-01 00:02:49.486   226   226 I ServiceManager: Waiting for service media.camera.proxy...
01-01 00:02:50.398   204   204 E ccci_fsd(2): fail to open /dev/ccci2_fs: 2
01-01 00:02:50.486   226   226 I ServiceManager: Waiting for service media.camera.proxy...
01-01 00:02:50.597   221   221 V NatController: runCmd(/system/bin/iptables -w -F natctrl_FORWARD) res=0
01-01 00:02:50.624   221   221 V NatController: runCmd(/system/bin/iptables -w -A natctrl_FORWARD -j DROP) res=0
01-01 00:02:50.651   221   221 V NatController: runCmd(/system/bin/iptables -w -t nat -F natctrl_nat_POSTROUTING) res=0
01-01 00:02:50.676   221   221 V NatController: runCmd(/system/bin/iptables -w -F natctrl_tether_counters) res=1
01-01 00:02:50.703   221   221 V NatController: runCmd(/system/bin/iptables -w -X natctrl_tether_counters) res=1
01-01 00:02:50.730   221   221 V NatController: runCmd(/system/bin/iptables -w -N natctrl_tether_counters) res=0
01-01 00:02:50.757   221   221 V NatController: runCmd(/system/bin/iptables -w -t mangle -A natctrl_mangle_FORWARD -p tcp --tcp-flags SYN SYN -j TCPMSS --clamp-mss-to-pmtu) res=0
01-01 00:02:50.999   239   365 D agps    : [agps] WARNING: [CP] cp2_fd_1_req_sim_num_timeout
01-01 00:02:51.000   239   342 D agps    : [agps][n][CP] [MD_1] write  sim_info_req
01-01 00:02:51.000   239   342 D agps    : [agps][n][CP] [MD_1] read  sim_info_rsp  sim_number=2 md_type=0 (0=fdd, 1=tdd) ecid=0 otdoa=0 band_num=0
01-01 00:02:51.000   239   342 E agps    : [agps] ERR: [CP] band_num is not ready  retry=2
01-01 00:02:51.487   226   226 I ServiceManager: Waiting for service media.camera.proxy...
01-01 00:02:51.545   469   469 W dex2oat : Skipping class com.quicinc.tcmiface.DpmTcmIface from /system/framework/org.apache.http.legacy.boot.jar previously found in /system/framework/okhttp.jar
01-01 00:02:51.977   206   206 E ccci_mdinit(2): open /dev/ccci2_monitor fail: 2
01-01 00:02:52.480   721   721 I ApmAudio: type=1400 audit(0.0:66): avc: denied { block_suspend } for capability=36 scontext=u:r:mediaserver:s0 tcontext=u:r:mediaserver:s0 tclass=capability2 permissive=1
01-01 00:02:52.488   226   226 I AudioPolicyService: AudioPolicyService CSTOR in new mode
01-01 00:02:52.490   226   226 I APM::ConfigParsingUtils: loadAudioPolicyConfig() loaded /system/etc/audio_policy.conf
01-01 00:02:52.596   226   226 D AudioALSAHardware: +mAudioALSAHardware
01-01 00:02:52.596   226   226 D AudioALSADriverUtility: AudioALSADriverUtility()
01-01 00:02:52.598   226   226 D AudioALSADriverUtility: mMixer = 0xb600e1c0
01-01 00:02:52.598   226   226 D AudioALSAHardwareResourceManager: AudioALSAHardwareResourceManager()
01-01 00:02:52.601   226   226 D AudioALSACodecDeviceBase: AudioALSACodecDeviceBase()
01-01 00:02:52.601   226   226 D AudioALSACodecDeviceOutEarphonePMIC: AudioALSACodecDeviceOutEarphonePMIC()
01-01 00:02:52.601   226   226 D AudioALSACodecDeviceOutEarphonePMIC: DeviceDoDcCalibrate()
01-01 00:02:52.601   226   226 D NVRAM   : NVM_GetFileDesc ++
01-01 00:02:52.602   226   226 D NVRAM   : length of g_NVRAM_BACKUP_DEVICE=59
01-01 00:02:52.602   226   226 D NVRAM   : nvram_layout_callback will run!!!
01-01 00:02:52.602   226   226 D NVRAM   : nvram_platform_log_block: 2
01-01 00:02:52.602   226   226 D NVRAM   : nvram_platform_resv_block: 2
01-01 00:02:52.602   226   226 D NVRAM   : nvram_platform_DM_block: 1
01-01 00:02:52.602   226   226 D NVRAM   : nvram_platform_layout_version: 0
01-01 00:02:52.602   226   226 D NVRAM   : nvram_platform_header_offset: 0
01-01 00:02:52.602   226   226 D NVRAM   : g_i4CFG_File_Count: 49
01-01 00:02:52.602   226   226 D NVRAM   : NVM_Init Max Lid: 73
01-01 00:02:52.602   226   226 D NVRAM   : [NVRAM]: info nvram_gpt_flag =1
01-01 00:02:52.603   226   226 D NVRAM   : NVM_GetCfgFileTable : file_lid = 65
01-01 00:02:52.603   226   226 D NVRAM   : NVM_GetCfgFileTable done
01-01 00:02:52.603   226   226 D NVRAM   : Open /data/nvram/media/Audio_Buffer_DC_Calibration_Param,LID:65
01-01 00:02:52.603   226   226 D NVRAM   : NVM_CmpFileVerNo 65  
01-01 00:02:52.603   226   226 D NVRAM   : NVM_GetCfgFileTable : file_lid = 65
01-01 00:02:52.603   226   226 D NVRAM   : Check if FILE_VER exists before openning it!
01-01 00:02:52.603   226   226 D NVRAM   : NVM_CheckVerFile: 1
01-01 00:02:52.603   226   226 D NVRAM   : New version info file
01-01 00:02:52.603   226   226 D NVRAM   : Load File Version: 000, NvRam File Version: 000
01-01 00:02:52.604   226   226 D NVRAM   : no need to enc/dnc
01-01 00:02:52.604   226   226 D NVRAM   : NVM_CheckFileSize : 65 ++
01-01 00:02:52.604   226   226 D NVRAM   : iCustomBeginLID = 49
01-01 00:02:52.604   226   226 D NVRAM   : NVM_CheckVerFile: 1
01-01 00:02:52.604   226   226 D NVRAM   : NVM_GetCfgFileTable : file_lid = 65
01-01 00:02:52.604   226   226 D NVRAM   : NVM_CheckFileSize:stat_size:10,size in table:8
01-01 00:02:52.604   226   226 D NVRAM   : NVM_ProtectUserData
01-01 00:02:52.604   226   226 D NVRAM   : NVM_ProtectUserData:Check File
01-01 00:02:52.605   226   226 D NVRAM   : NVM_CheckFile: File is correct!
01-01 00:02:52.605   226   226 D NVRAM   : NVM_ProtectUserData:Check Success
01-01 00:02:52.605   226   226 D NVRAM   : NVM_GetFileDesc ProtectDataFile Check Success!!
01-01 00:02:52.605   226   226 D NVRAM   : NVM_GetFileDesc --
01-01 00:02:52.605   226   226 D AudioYusuParam: GetDcCalibrationParamFromNV rec_size = 8 rec_num = 1
01-01 00:02:52.606   226   226 D NVRAM   : no need to enc/dnc
01-01 00:02:52.606   226   226 D NVRAM   : NVM_CloseFileDesc: Open by Readonly, no need to check when close
01-01 00:02:52.606   226   226 D AudioALSACodecDeviceOutEarphonePMIC: cali_flag = 1 cali_val_hp_left = 21 cali_val_hp_right = 19 
01-01 00:02:52.606   226   226 D AudioALSACodecDeviceOutEarphonePMIC: cali_val_hp_left = 21, short cali_val_hp_left = 21, HplOffset=21 
01-01 00:02:52.606   226   226 D AudioALSACodecDeviceOutEarphonePMIC: cali_val_hp_right = 19, short cali_val_hp_right = 19, HplOffset=19 
01-01 00:02:52.670   226   226 D NVRAM   : NVM_GetFileDesc ++
01-01 00:02:52.670   226   226 D NVRAM   : NVM_GetCfgFileTable : file_lid = 65
01-01 00:02:52.670   226   226 D NVRAM   : NVM_GetCfgFileTable done
01-01 00:02:52.670   226   226 D NVRAM   : Open /data/nvram/media/Audio_Buffer_DC_Calibration_Param,LID:65
01-01 00:02:52.670   226   226 D NVRAM   : NVM_CmpFileVerNo 65  
01-01 00:02:52.670   226   226 D NVRAM   : NVM_GetCfgFileTable : file_lid = 65
01-01 00:02:52.670   226   226 D NVRAM   : Check if FILE_VER exists before openning it!
01-01 00:02:52.670   226   226 D NVRAM   : NVM_CheckVerFile: 1
01-01 00:02:52.671   226   226 D NVRAM   : New version info file
01-01 00:02:52.671   226   226 D NVRAM   : Load File Version: 000, NvRam File Version: 000
01-01 00:02:52.671   226   226 D NVRAM   : no need to enc/dnc
01-01 00:02:52.671   226   226 D NVRAM   : NVM_CheckFileSize : 65 ++
01-01 00:02:52.671   226   226 D NVRAM   : iCustomBeginLID = 49
01-01 00:02:52.671   226   226 D NVRAM   : NVM_CheckVerFile: 1
01-01 00:02:52.671   226   226 D NVRAM   : NVM_GetCfgFileTable : file_lid = 65
01-01 00:02:52.671   226   226 D NVRAM   : NVM_CheckFileSize:stat_size:10,size in table:8
01-01 00:02:52.671   226   226 D NVRAM   : NVM_ProtectUserData
01-01 00:02:52.671   226   226 D NVRAM   : NVM_ProtectUserData:Check File
01-01 00:02:52.671   226   226 D NVRAM   : NVM_CheckFile: File is correct!
01-01 00:02:52.671   226   226 D NVRAM   : NVM_ProtectUserData:Check Success
01-01 00:02:52.671   226   226 D NVRAM   : NVM_GetFileDesc ProtectDataFile Check Success!!
01-01 00:02:52.672   226   226 D NVRAM   : NVM_GetFileDesc --
01-01 00:02:52.672   226   226 D AudioYusuParam: GetDcCalibrationParamFromNV rec_size = 8 rec_num = 1
01-01 00:02:52.674   226   226 D NVRAM   : no need to enc/dnc
01-01 00:02:52.674   226   226 D NVRAM   : NVM_CloseFileDesc: Open by Readonly, no need to check when close
01-01 00:02:52.674   226   226 D AudioALSACodecDeviceOutEarphonePMIC: cali_flag = 1 cali_val_hp_left = 21 cali_val_hp_right = 19, HplOffset=21 
01-01 00:02:52.675   226   226 D AudioALSADeviceConfigManager: +UniqueAlsaDeviceConfigParserInstance
01-01 00:02:52.675   226   226 D AudioALSADeviceConfigManager: AudioALSADeviceConfigManager()
01-01 00:02:52.675   226   226 D AudioALSADeviceConfigManager: LoadAudioConfig()
01-01 00:02:52.681   226   226 E AudioALSADeviceConfigManager: LoadAudioConfig success 
01-01 00:02:52.681   226   226 D AudioALSADeviceConfigManager: TiXmlDeclaration version = 1.0 
01-01 00:02:52.681   226   226 D AudioALSADeviceConfigManager: TiXmlDeclaration Encoding = UTF-8 
01-01 00:02:52.681   226   226 D AudioALSADeviceConfigManager: TiXmlDeclaration Standalone =  
01-01 00:02:52.681   226   226 D AudioALSADeviceConfigManager: GetVersion = 1.01
01-01 00:02:52.681   226   226 D AudioALSADeviceConfigManager: FirstChildElement can find mixer
01-01 00:02:52.681   226   226 D AudioALSADeviceConfigManager: +ParseInitSequence()
01-01 00:02:52.682   226   226 D AudioALSADeviceConfigManager: valname = Audio_Speaker_class_Switch  valvalue = CLASSAB  
01-01 00:02:52.682   226   226 D AudioALSADeviceConfigManager: -ParseInitSequence()
01-01 00:02:52.682   226   226 D AudioALSADeviceConfigManager: ParseDeviceSequence() devicename = headphone_output action = turnon
01-01 00:02:52.682   226   226 D AudioALSADeviceConfigManager: CheckDeviceExist not exist devicename = headphone_output
01-01 00:02:52.682   226   226 D AudioALSADeviceConfigManager: add turn on sequnce
01-01 00:02:52.682   226   226 D AudioALSADeviceConfigManager: valname = Audio_Amp_R_Switch  valvalue = On  
01-01 00:02:52.682   226   226 D AudioALSADeviceConfigManager: valname = Audio_Amp_L_Switch  valvalue = On  
01-01 00:02:52.682   226   226 D AudioALSADeviceConfigManager: ParseDeviceSequence() devicename = headphone_output action = turnoff
01-01 00:02:52.682   226   226 D AudioALSADeviceConfigManager: CheckDeviceExist exist devicename = headphone_output
01-01 00:02:52.682   226   226 D AudioALSADeviceConfigManager: GetDeviceDescriptorbyname
01-01 00:02:52.682   226   226 D AudioALSADeviceConfigManager: CheckDeviceExist exist devicename = headphone_output
01-01 00:02:52.682   226   226 D AudioALSADeviceConfigManager: add turn off sequnce
01-01 00:02:52.682   226   226 D AudioALSADeviceConfigManager: valname = Audio_Amp_R_Switch  valvalue = Off  
01-01 00:02:52.682   226   226 D AudioALSADeviceConfigManager: valname = Audio_Amp_L_Switch  valvalue = Off  
01-01 00:02:52.682   226   226 D AudioALSADeviceConfigManager: ParseDeviceSequence() devicename = receiver_output action = turnon
01-01 00:02:52.682   226   226 D AudioALSADeviceConfigManager: CheckDeviceExist not exist devicename = receiver_output
01-01 00:02:52.682   226   226 D AudioALSADeviceConfigManager: add turn on sequnce
01-01 00:02:52.682   226   226 D AudioALSADeviceConfigManager: valname = Voice_Amp_Switch  valvalue = On  
01-01 00:02:52.682   226   226 D AudioALSADeviceConfigManager: ParseDeviceSequence() devicename = receiver_output action = turnoff
01-01 00:02:52.683   226   226 D AudioALSADeviceConfigManager: CheckDeviceExist exist devicename = receiver_output
01-01 00:02:52.683   226   226 D AudioALSADeviceConfigManager: GetDeviceDescriptorbyname
01-01 00:02:52.683   226   226 D AudioALSADeviceConfigManager: CheckDeviceExist exist devicename = receiver_output
01-01 00:02:52.683   226   226 D AudioALSADeviceConfigManager: add turn off sequnce
01-01 00:02:52.683   226   226 D AudioALSADeviceConfigManager: valname = Voice_Amp_Switch  valvalue = Off  
01-01 00:02:52.683   226   226 D AudioALSADeviceConfigManager: ParseDeviceSequence() devicename = two_in_one_speaker_output action = turnon
01-01 00:02:52.683   226   226 D AudioALSADeviceConfigManager: CheckDeviceExist not exist devicename = two_in_one_speaker_output
01-01 00:02:52.683   226   226 D AudioALSADeviceConfigManager: add turn on sequnce
01-01 00:02:52.683   226   226 D AudioALSADeviceConfigManager: valname = Speaker_Amp_Switch  valvalue = On  
01-01 00:02:52.683   226   226 D AudioALSADeviceConfigManager: valname = Audio_Speaker_class_Switch  valvalue = CLASSAB  
01-01 00:02:52.683   226   226 D AudioALSADeviceConfigManager: ParseDeviceSequence() devicename = two_in_one_speaker_output action = turnoff
01-01 00:02:52.683   226   226 D AudioALSADeviceConfigManager: CheckDeviceExist exist devicename = two_in_one_speaker_output
01-01 00:02:52.683   226   226 D AudioALSADeviceConfigManager: GetDeviceDescriptorbyname
01-01 00:02:52.683   226   226 D AudioALSADeviceConfigManager: CheckDeviceExist exist devicename = two_in_one_speaker_output
01-01 00:02:52.683   226   226 D AudioALSADeviceConfigManager: add turn off sequnce
01-01 00:02:52.683   226   226 D AudioALSADeviceConfigManager: valname = Audio_Speaker_class_Switch  valvalue = RECEIVER  
01-01 00:02:52.683   226   226 D AudioALSADeviceConfigManager: valname = Speaker_Amp_Switch  valvalue = Off  
01-01 00:02:52.683   226   226 D AudioALSADeviceConfigManager: ParseDeviceSequence() devicename = speaker_output action = turnon
01-01 00:02:52.683   226   226 D AudioALSADeviceConfigManager: CheckDeviceExist not exist devicename = speaker_output
01-01 00:02:52.683   226   226 D AudioALSADeviceConfigManager: add turn on sequnce
01-01 00:02:52.683   226   226 D AudioALSADeviceConfigManager: valname = Speaker_Amp_Switch  valvalue = On  
01-01 00:02:52.684   226   226 D AudioALSADeviceConfigManager: ParseDeviceSequence() devicename = speaker_output action = turnoff
01-01 00:02:52.684   226   226 D AudioALSADeviceConfigManager: CheckDeviceExist exist devicename = speaker_output
01-01 00:02:52.684   226   226 D AudioALSADeviceConfigManager: GetDeviceDescriptorbyname
01-01 00:02:52.684   226   226 D AudioALSADeviceConfigManager: CheckDeviceExist exist devicename = speaker_output
01-01 00:02:52.684   226   226 D AudioALSADeviceConfigManager: add turn off sequnce
01-01 00:02:52.684   226   226 D AudioALSADeviceConfigManager: valname = Speaker_Amp_Switch  valvalue = Off  
01-01 00:02:52.684   226   226 D AudioALSADeviceConfigManager: ParseDeviceSequence() devicename = headphoneSpeaker_output action = turnon
01-01 00:02:52.684   226   226 D AudioALSADeviceConfigManager: CheckDeviceExist not exist devicename = headphoneSpeaker_output
01-01 00:02:52.684   226   226 D AudioALSADeviceConfigManager: add turn on sequnce
01-01 00:02:52.684   226   226 D AudioALSADeviceConfigManager: valname = Headset_Speaker_Amp_Switch  valvalue = On  
01-01 00:02:52.684   226   226 D AudioALSADeviceConfigManager: ParseDeviceSequence() devicename = headphoneSpeaker_output action = turnoff
01-01 00:02:52.684   226   226 D AudioALSADeviceConfigManager: CheckDeviceExist exist devicename = headphoneSpeaker_output
01-01 00:02:52.684   226   226 D AudioALSADeviceConfigManager: GetDeviceDescriptorbyname
01-01 00:02:52.684   226   226 D AudioALSADeviceConfigManager: CheckDeviceExist exist devicename = headphoneSpeaker_output
01-01 00:02:52.694   226   226 D AudioALSADeviceConfigManager: add turn off sequnce
01-01 00:02:52.694   226   226 D AudioALSADeviceConfigManager: valname = Headset_Speaker_Amp_Switch  valvalue = Off  
01-01 00:02:52.695   226   226 D AudioALSADeviceConfigManager: ParseDeviceSequence() devicename = ext_speaker_output action = turnon
01-01 00:02:52.695   226   226 D AudioALSADeviceConfigManager: CheckDeviceExist not exist devicename = ext_speaker_output
01-01 00:02:52.695   226   226 D AudioALSADeviceConfigManager: add turn on sequnce
01-01 00:02:52.695   226   226 D AudioALSADeviceConfigManager: valname = Ext_Speaker_Amp_Switch  valvalue = On  
01-01 00:02:52.695   226   226 D AudioALSADeviceConfigManager: ParseDeviceSequence() devicename = ext_speaker_output action = turnoff
01-01 00:02:52.695   226   226 D AudioALSADeviceConfigManager: CheckDeviceExist exist devicename = ext_speaker_output
01-01 00:02:52.695   226   226 D AudioALSADeviceConfigManager: GetDeviceDescriptorbyname
01-01 00:02:52.695   226   226 D AudioALSADeviceConfigManager: CheckDeviceExist exist devicename = ext_speaker_output
01-01 00:02:52.695   226   226 D AudioALSADeviceConfigManager: add turn off sequnce
01-01 00:02:52.695   226   226 D AudioALSADeviceConfigManager: valname = Ext_Speaker_Amp_Switch  valvalue = Off  
01-01 00:02:52.695   226   226 D AudioALSADeviceConfigManager: ParseDeviceSequence() devicename = builtin_Mic_Mic1 action = turnon
01-01 00:02:52.695   226   226 D AudioALSADeviceConfigManager: CheckDeviceExist not exist devicename = builtin_Mic_Mic1
01-01 00:02:52.695   226   226 D AudioALSADeviceConfigManager: add turn on sequnce
01-01 00:02:52.695   226   226 D AudioALSADeviceConfigManager: valname = Audio_MicSource1_Setting  valvalue = ADC1  
01-01 00:02:52.695   226   226 D AudioALSADeviceConfigManager: valname = Audio_ADC_1_Switch  valvalue = On  
01-01 00:02:52.695   226   226 D AudioALSADeviceConfigManager: valname = Audio_ADC_2_Switch  valvalue = On  
01-01 00:02:52.695   226   226 D AudioALSADeviceConfigManager: valname = Audio_Preamp1_Switch  valvalue = IN_ADC1  
01-01 00:02:52.695   226   226 D AudioALSADeviceConfigManager: valname = Audio_Preamp2_Switch  valvalue = IN_ADC1  
01-01 00:02:52.695   226   226 D AudioALSADeviceConfigManager: ParseDeviceSequence() devicename = builtin_Mic_Mic1 action = turnoff
01-01 00:02:52.696   226   226 D AudioALSADeviceConfigManager: CheckDeviceExist exist devicename = builtin_Mic_Mic1
01-01 00:02:52.696   226   226 D AudioALSADeviceConfigManager: GetDeviceDescriptorbyname
01-01 00:02:52.696   226   226 D AudioALSADeviceConfigManager: CheckDeviceExist exist devicename = builtin_Mic_Mic1
01-01 00:02:52.696   226   226 D AudioALSADeviceConfigManager: add turn off sequnce
01-01 00:02:52.696   226   226 D AudioALSADeviceConfigManager: valname = Audio_Preamp1_Switch  valvalue = OPEN  
01-01 00:02:52.696   226   226 D AudioALSADeviceConfigManager: valname = Audio_Preamp2_Switch  valvalue = OPEN  
01-01 00:02:52.696   226   226 D AudioALSADeviceConfigManager: valname = Audio_ADC_1_Switch  valvalue = Off  
01-01 00:02:52.696   226   226 D AudioALSADeviceConfigManager: valname = Audio_ADC_2_Switch  valvalue = Off  
01-01 00:02:52.696   226   226 D AudioALSADeviceConfigManager: ParseDeviceSequence() devicename = builtin_Mic_Mic1_Inverse action = turnon
01-01 00:02:52.696   226   226 D AudioALSADeviceConfigManager: CheckDeviceExist not exist devicename = builtin_Mic_Mic1_Inverse
01-01 00:02:52.696   226   226 D AudioALSADeviceConfigManager: add turn on sequnce
01-01 00:02:52.696   226   226 D AudioALSADeviceConfigManager: valname = Audio_MicSource1_Setting  valvalue = ADC1  
01-01 00:02:52.696   226   226 D AudioALSADeviceConfigManager: valname = Audio_ADC_1_Switch  valvalue = On  
01-01 00:02:52.696   226   226 D AudioALSADeviceConfigManager: valname = Audio_ADC_2_Switch  valvalue = On  
01-01 00:02:52.696   226   226 D AudioALSADeviceConfigManager: valname = Audio_Preamp1_Switch  valvalue = IN_ADC3  
01-01 00:02:52.696   226   226 D AudioALSADeviceConfigManager: valname = Audio_Preamp2_Switch  valvalue = IN_ADC3  
