01-01 00:02:45.293   199   199 I SurfaceFlinger: extensions: GL_EXT_debug_marker GL_OES_texture_npot GL_OES_vertex_array_object GL_OES_compressed_ETC1_RGB8_texture GL_EXT_compressed_ETC1_RGB8_sub_texture GL_OES_standard_derivatives GL_OES_EGL_image GL_OES_depth24 GL_ARM_rgba8 GL_ARM_mali_shader_binary GL_OES_depth_texture GL_OES_packed_depth_stencil GL_EXT_texture_format_BGRA8888 GL_OES_vertex_half_float GL_EXT_blend_minmax GL_OES_EGL_image_external GL_OES_EGL_sync GL_OES_rgb8_rgba8 GL_EXT_multisampled_render_to_texture GL_EXT_discard_framebuffer GL_OES_get_program_binary GL_ARM_mali_program_binary GL_EXT_shader_texture_lod GL_EXT_robustness GL_OES_depth_texture_cube_map GL_KHR_debug GL_ARM_shader_framebuffer_fetch GL_ARM_shader_framebuffer_fetch_depth_stencil GL_OES_mapbuffer
01-01 00:02:45.293   199   199 I SurfaceFlinger: GL_MAX_TEXTURE_SIZE = 4096
01-01 00:02:45.293   199   199 I SurfaceFlinger: GL_MAX_VIEWPORT_DIMS = 4096
01-01 00:02:45.296   199   199 I [MALI][Gralloc]: usage: 0x1e02, format: 5 stride: 480 vertical_stride: 854 size: 1639680
01-01 00:02:45.296   199   199 I [MALI][Gralloc]: xxx alloc ION_FB_HEAP
01-01 00:02:45.297   233   233 D NVRAM   : [NVRAM]:read:131072
01-01 00:02:45.297   233   233 D NVRAM   : [NVRAM]:iBitMapFlag:0,BitMapFlag:-1430532899
01-01 00:02:45.297   233   233 D NVRAM   : [NVRAM]:iBlockNum:16
01-01 00:02:45.299   233   233 D NVRAM   : [NVRAM]:read:131072
01-01 00:02:45.299   233   233 D NVRAM   : [NVRAM]:iBitMapFlag:0,BitMapFlag:-1430532899
01-01 00:02:45.299   233   233 D NVRAM   : [NVRAM]:iBlockNum:15
01-01 00:02:45.301   233   233 D NVRAM   : [NVRAM]:read:131072
01-01 00:02:45.301   233   233 D NVRAM   : [NVRAM]:iBitMapFlag:0,BitMapFlag:-1430532899
01-01 00:02:45.301   233   233 D NVRAM   : [NVRAM]:iBlockNum:14
01-01 00:02:45.303   233   233 D NVRAM   : [NVRAM]:read:131072
01-01 00:02:45.303   233   233 D NVRAM   : [NVRAM]:iBitMapFlag:0,BitMapFlag:-1430532899
01-01 00:02:45.303   233   233 D NVRAM   : [NVRAM]:iBlockNum:13
01-01 00:02:45.304   199   199 D SurfaceFlinger: Set power mode=2, type=0 flinger=0xb6a64000
01-01 00:02:45.304   199   199 I hwcomposer: [HWC] SetPowerMode(2) Display(0)
01-01 00:02:45.305   233   233 D NVRAM   : [NVRAM]:read:131072
01-01 00:02:45.305   233   233 D NVRAM   : [NVRAM]:iBitMapFlag:0,BitMapFlag:-1430532899
01-01 00:02:45.305   233   233 D NVRAM   : [NVRAM]:iBlockNum:12
01-01 00:02:45.307   233   233 D NVRAM   : [NVRAM]:read:131072
01-01 00:02:45.307   233   233 D NVRAM   : [NVRAM]:iBitMapFlag:0,BitMapFlag:-1430532899
01-01 00:02:45.307   233   233 D NVRAM   : [NVRAM]:iBlockNum:11
01-01 00:02:45.309   233   233 D NVRAM   : [NVRAM]:read:131072
01-01 00:02:45.309   233   233 D NVRAM   : [NVRAM]:iBitMapFlag:0,BitMapFlag:-1430532899
01-01 00:02:45.309   233   233 D NVRAM   : [NVRAM]:iBlockNum:10
01-01 00:02:45.311   233   233 D NVRAM   : [NVRAM]:read:131072
01-01 00:02:45.311   233   233 D NVRAM   : [NVRAM]:iBitMapFlag:0,BitMapFlag:-1430532899
01-01 00:02:45.311   233   233 D NVRAM   : [NVRAM]:iBlockNum:9
01-01 00:02:45.313   233   233 D NVRAM   : [NVRAM]:read:131072
01-01 00:02:45.314   233   233 D NVRAM   : [NVRAM]:iBitMapFlag:0,BitMapFlag:-1430532899
01-01 00:02:45.314   233   233 D NVRAM   : [NVRAM]:iBlockNum:8
01-01 00:02:45.316   233   233 D NVRAM   : [NVRAM]:read:131072
01-01 00:02:45.316   233   233 D NVRAM   : [NVRAM]:iBitMapFlag:0,BitMapFlag:-1430532899
01-01 00:02:45.316   233   233 D NVRAM   : [NVRAM]:iBlockNum:7
01-01 00:02:45.316   397   397 F libc    : page record for 0xb6eeb01c was not found (block_size=16)
01-01 00:02:45.318   233   233 D NVRAM   : [NVRAM]:read:131072
01-01 00:02:45.318   233   233 D NVRAM   : [NVRAM]:iBitMapFlag:0,BitMapFlag:-1430532899
01-01 00:02:45.318   233   233 D NVRAM   : [NVRAM]:iBlockNum:6
01-01 00:02:45.320   233   233 D NVRAM   : [NVRAM]:read:131072
01-01 00:02:45.320   233   233 D NVRAM   : [NVRAM]:iBitMapFlag:0,BitMapFlag:-1430532899
01-01 00:02:45.320   233   233 D NVRAM   : [NVRAM]:iBlockNum:5
01-01 00:02:45.321   233   233 D NVRAM   : [NVRAM]:read:131072
01-01 00:02:45.322   233   233 D NVRAM   : [NVRAM]:iBitMapFlag:0,BitMapFlag:-1430532899
01-01 00:02:45.322   233   233 D NVRAM   : [NVRAM]:iBlockNum:4
01-01 00:02:45.324   233   233 D NVRAM   : [NVRAM]:read:131072
01-01 00:02:45.324   233   233 D NVRAM   : [NVRAM]:iBitMapFlag:0,BitMapFlag:-1430532899
01-01 00:02:45.324   233   233 D NVRAM   : [NVRAM]:iBlockNum:3
01-01 00:02:45.328   233   233 D NVRAM   : [NVRAM]:read:131072
01-01 00:02:45.328   233   233 D NVRAM   : [NVRAM]:iBitMapFlag:0,BitMapFlag:-1430532899
01-01 00:02:45.328   233   233 D NVRAM   : [NVRAM]:iBlockNum:2
01-01 00:02:45.330   233   233 D NVRAM   : [NVRAM]:read:131072
01-01 00:02:45.330   233   233 D NVRAM   : [NVRAM]:iBitMapFlag:0,BitMapFlag:-1430532899
01-01 00:02:45.330   233   233 D NVRAM   : [NVRAM]:iBlockNum:1
01-01 00:02:45.332   233   233 D NVRAM   : [NVRAM]:read:131072
01-01 00:02:45.332   233   233 D NVRAM   : [NVRAM]:iBitMapFlag:0,BitMapFlag:-1430532899
01-01 00:02:45.332   233   233 D NVRAM   : [NVRAM]:iBlockNum:0
01-01 00:02:45.334   233   233 D NVRAM   : [NVRAM]:read:131072
01-01 00:02:45.334   233   233 D NVRAM   : [NVRAM]:iBitMapFlag:0,BitMapFlag:-1430532899
01-01 00:02:45.334   233   233 D NVRAM   : [NVRAM]:can not find bad block bit map
01-01 00:02:45.337   233   233 D NVRAM   : FileOp_RecoveryData:recovery all data fail
01-01 00:02:45.337   233   233 D NVRAM   : Bin Region Restore to NvRam Fail
01-01 00:02:45.337   233   233 D NVRAM   : Check FILE_VER in first boot
01-01 00:02:45.337   233   233 D NVRAM   : No RestoreFlag
01-01 00:02:45.337   233   233 D NVRAM   : FILE_VER is invalid, generate it manually
01-01 00:02:45.337   233   233 D NVRAM   : NVM_GenerateFileVer: CPY_File_To_NVM=1 ++
01-01 00:02:45.337   233   233 D NVRAM   : iCustomBeginLID = 49
01-01 00:02:45.337   233   233 D NVRAM   : Create/Open the file of /data/nvram/APCFG/APRDCL/FILE_VER 
01-01 00:02:45.356   233   233 D NVRAM   : NVM_GenerateFileVer: CPY_File_To_NVM =1 --
01-01 00:02:45.356   233   233 D NVRAM   : Begin excute customer callback!!!
01-01 00:02:45.356   233   233 D NVRAM   : nvram daemon callback will run!!!
01-01 00:02:45.356   233   233 D NVRAM   : Callback return 0
01-01 00:02:45.356   233   233 D NVRAM   : enter unencrypted state
01-01 00:02:45.366   233   233 D NVRAM   : Set property success
01-01 00:02:45.367   233   407 D NVRAM   : NVRAM AP_CFG_RDCL_FILE_AUXADC_LID:2 
01-01 00:02:45.367   233   407 D NVRAM   : NVM_GetFileDesc ++
01-01 00:02:45.367   233   407 D NVRAM   : NVM_GetCfgFileTable : file_lid = 2
01-01 00:02:45.367   233   407 D NVRAM   : NVM_GetCfgFileTable done
01-01 00:02:45.367   233   407 D NVRAM   : Open /data/nvram/APCFG/APRDCL/AUXADC,LID:2
01-01 00:02:45.368   233   407 D NVRAM   : NVM_CmpFileVerNo 2  
01-01 00:02:45.368   233   407 D NVRAM   : NVM_GetCfgFileTable : file_lid = 2
01-01 00:02:45.368   233   407 D NVRAM   : Check if FILE_VER exists before openning it!
01-01 00:02:45.368   233   407 D NVRAM   : NVM_CheckVerFile: 1
01-01 00:02:45.368   233   407 D NVRAM   : New version info file
01-01 00:02:45.368   233   407 D NVRAM   : Load File Version: 000, NvRam File Version: 000
01-01 00:02:45.368   233   407 D NVRAM   : no need to enc/dnc
01-01 00:02:45.368   233   407 D NVRAM   : NVM_CheckFileSize : 2 ++
01-01 00:02:45.368   233   407 D NVRAM   : iCustomBeginLID = 49
01-01 00:02:45.368   233   407 D NVRAM   : NVM_CheckVerFile: 1
01-01 00:02:45.368   233   407 D NVRAM   : NVM_GetCfgFileTable : file_lid = 2
01-01 00:02:45.369   233   407 D NVRAM   : NVM_CheckFileSize:stat_size:78,size in table:76
01-01 00:02:45.369   233   407 D NVRAM   : NVM_ProtectUserData
01-01 00:02:45.369   233   407 D NVRAM   : NVM_ProtectUserData:Check File
01-01 00:02:45.369   233   410 D NVRAM   : NVM_GetFileDesc ++
01-01 00:02:45.369   233   410 D NVRAM   : NVM_GetCfgFileTable : file_lid = 12
01-01 00:02:45.370   233   410 D NVRAM   : NVM_GetCfgFileTable done
01-01 00:02:45.370   233   410 D NVRAM   : Open /data/nvram/APCFG/APRDCL/HWMON_ACC,LID:12
01-01 00:02:45.370   233   410 D NVRAM   : NVM_CmpFileVerNo 12  
01-01 00:02:45.370   233   410 D NVRAM   : NVM_GetCfgFileTable : file_lid = 12
01-01 00:02:45.370   233   410 D NVRAM   : Check if FILE_VER exists before openning it!
01-01 00:02:45.370   233   410 D NVRAM   : NVM_CheckVerFile: 1
01-01 00:02:45.370   233   410 D NVRAM   : New version info file
01-01 00:02:45.370   233   410 D NVRAM   : Load File Version: 000, NvRam File Version: 000
01-01 00:02:45.370   233   410 D NVRAM   : no need to enc/dnc
01-01 00:02:45.370   233   410 D NVRAM   : NVM_CheckFileSize : 12 ++
01-01 00:02:45.370   233   410 D NVRAM   : iCustomBeginLID = 49
01-01 00:02:45.370   233   410 D NVRAM   : NVM_CheckVerFile: 1
01-01 00:02:45.371   233   410 D NVRAM   : NVM_GetCfgFileTable : file_lid = 12
01-01 00:02:45.371   233   410 D NVRAM   : NVM_CheckFileSize:stat_size:14,size in table:12
01-01 00:02:45.371   233   410 D NVRAM   : NVM_ProtectUserData
01-01 00:02:45.371   233   410 D NVRAM   : NVM_ProtectUserData:Check File
01-01 00:02:45.372   233   407 D NVRAM   : NVM_CheckFile: File is correct!
01-01 00:02:45.372   233   407 D NVRAM   : NVM_ProtectUserData:Check Success
01-01 00:02:45.372   233   407 D NVRAM   : NVM_GetFileDesc ProtectDataFile Check Success!!
01-01 00:02:45.372   233   407 D NVRAM   : NVM_GetFileDesc --
01-01 00:02:45.373   233   411 E HWMLIB  : gyroscope_open: Couldn't find or open file sensor (Not a typewriter)
01-01 00:02:45.373   233   411 D NVRAM   : null gyroscope file handle pointer: -1!
01-01 00:02:45.373   233   411 D NVRAM   : stop due to err
01-01 00:02:45.374   233   408 D NVRAM   : NVM_GetFileDesc ++
01-01 00:02:45.375   233   410 D NVRAM   : NVM_CheckFile: File is correct!
01-01 00:02:45.375   233   410 D NVRAM   : NVM_ProtectUserData:Check Success
01-01 00:02:45.375   233   410 D NVRAM   : NVM_GetFileDesc ProtectDataFile Check Success!!
01-01 00:02:45.375   233   410 D NVRAM   : NVM_GetFileDesc --
01-01 00:02:45.375   233   410 D HWMLIB  : [RN]    0.0000    0.0000    0.0000 =>     0     0     0
01-01 00:02:45.379   233   407 D NVRAM   : NVM_CheckFileSize : 2 ++
01-01 00:02:45.379   233   407 D NVRAM   : iCustomBeginLID = 49
01-01 00:02:45.379   233   407 D NVRAM   : NVM_CheckVerFile: 1
01-01 00:02:45.380   233   407 D NVRAM   : NVM_GetCfgFileTable : file_lid = 2
01-01 00:02:45.380   233   407 D NVRAM   : NVM_CheckFileSize:stat_size:78,size in table:76
01-01 00:02:45.380   233   407 D NVRAM   : NVM_ProtectUserData
01-01 00:02:45.380   233   407 D NVRAM   : NVM_ProtectUserData:Set Check Num
01-01 00:02:45.380   233   407 D NVRAM   : NVM_SetCheckNo: CheckNo:2b
01-01 00:02:45.380   233   407 D NVRAM   : NVM_SetCheckNo: CheckFlag:0
01-01 00:02:45.381   233   410 D NVRAM   : no need to enc/dnc
01-01 00:02:45.381   233   410 D NVRAM   : NVM_CloseFileDesc: Open by Readonly, no need to check when close
01-01 00:02:45.381   233   410 D HWMLIB  : [WD]    0.0000    0.0000    0.0000 =>     0     0     0
01-01 00:02:45.381   233   410 D NVRAM   : write calibration done
01-01 00:02:45.382   233   408 D NVRAM   : NVM_GetCfgFileTable : file_lid = 1
01-01 00:02:45.382   233   408 D NVRAM   : NVM_GetCfgFileTable done
01-01 00:02:45.382   233   408 D NVRAM   : Open /data/nvram/APCFG/APRDEB/BT_Addr,LID:1
01-01 00:02:45.382   233   408 D NVRAM   : NVM_CmpFileVerNo 1  
01-01 00:02:45.382   233   408 D NVRAM   : NVM_GetCfgFileTable : file_lid = 1
01-01 00:02:45.383   233   408 D NVRAM   : Check if FILE_VER exists before openning it!
01-01 00:02:45.383   233   408 D NVRAM   : NVM_CheckVerFile: 1
01-01 00:02:45.383   233   408 D NVRAM   : New version info file
01-01 00:02:45.383   233   408 D NVRAM   : Load File Version: 001, NvRam File Version: 001
01-01 00:02:45.383   233   408 D NVRAM   : no need to enc/dnc
01-01 00:02:45.383   233   408 D NVRAM   : NVM_CheckFileSize : 1 ++
01-01 00:02:45.383   233   408 D NVRAM   : iCustomBeginLID = 49
01-01 00:02:45.383   233   408 D NVRAM   : NVM_CheckVerFile: 1
01-01 00:02:45.383   233   408 D NVRAM   : NVM_GetCfgFileTable : file_lid = 1
01-01 00:02:45.383   233   408 D NVRAM   : NVM_CheckFileSize:stat_size:66,size in table:64
01-01 00:02:45.383   233   408 D NVRAM   : NVM_ProtectUserData
01-01 00:02:45.383   233   408 D NVRAM   : NVM_ProtectUserData:Check File
01-01 00:02:45.384   233   412 D NVRAM   : NVM_GetFileDesc ++
01-01 00:02:45.384   233   412 D NVRAM   : NVM_GetCfgFileTable : file_lid = 18
01-01 00:02:45.384   233   412 D NVRAM   : NVM_GetCfgFileTable done
01-01 00:02:45.384   233   412 D NVRAM   : Open /data/nvram/APCFG/APRDCL/HWMON_PS,LID:18
01-01 00:02:45.384   233   412 D NVRAM   : NVM_CmpFileVerNo 18  
01-01 00:02:45.384   233   412 D NVRAM   : NVM_GetCfgFileTable : file_lid = 18
01-01 00:02:45.384   233   413 D NVRAM   : [NVRAM Daemon]product info lid 59 ++
01-01 00:02:45.384   233   412 D NVRAM   : Check if FILE_VER exists before openning it!
01-01 00:02:45.385   233   413 D NVRAM   : NVM_GetFileDesc ++
01-01 00:02:45.385   233   412 D NVRAM   : NVM_CheckVerFile: 1
01-01 00:02:45.385   233   412 D NVRAM   : New version info file
01-01 00:02:45.385   233   413 D NVRAM   : NVM_GetCfgFileTable : file_lid = 59
01-01 00:02:45.385   233   412 D NVRAM   : Load File Version: 000, NvRam File Version: 000
01-01 00:02:45.385   233   413 D NVRAM   : NVM_GetCfgFileTable done
01-01 00:02:45.385   233   412 D NVRAM   : no need to enc/dnc
01-01 00:02:45.385   233   413 D NVRAM   : 59 is in new nvram partition!!!
01-01 00:02:45.385   233   412 D NVRAM   : NVM_CheckFileSize : 18 ++
01-01 00:02:45.385   233   413 D NVRAM   : New NVRAM partition name is /dev/block/platform/mtk-msdc.0/11120000.msdc0/by-name/proinfo.
01-01 00:02:45.385   233   412 D NVRAM   : iCustomBeginLID = 49
01-01 00:02:45.385   233   412 D NVRAM   : NVM_CheckVerFile: 1
01-01 00:02:45.385   233   412 D NVRAM   : NVM_GetCfgFileTable : file_lid = 18
01-01 00:02:45.385   233   412 D NVRAM   : NVM_CheckFileSize:stat_size:14,size in table:12
01-01 00:02:45.385   233   413 D NVRAM   : [NVRAM Daemon] product info FID 8 rec_size 1024 rec_num 1
01-01 00:02:45.385   233   412 D NVRAM   : NVM_ProtectUserData
01-01 00:02:45.385   233   413 D NVRAM   : 59 is in new nvram partition!!!
01-01 00:02:45.385   233   412 D NVRAM   : NVM_ProtectUserData:Check File
01-01 00:02:45.386   233   409 D NVRAM   : [NVRAM Daemon]wifi lid 53 ++
01-01 00:02:45.386   233   409 D NVRAM   : NVM_GetFileDesc ++
01-01 00:02:45.386   233   408 D NVRAM   : NVM_CheckFile: File is correct!
01-01 00:02:45.386   233   408 D NVRAM   : NVM_ProtectUserData:Check Success
01-01 00:02:45.386   233   408 D NVRAM   : NVM_GetFileDesc ProtectDataFile Check Success!!
01-01 00:02:45.386   233   409 D NVRAM   : NVM_GetCfgFileTable : file_lid = 53
01-01 00:02:45.386   233   408 D NVRAM   : NVM_GetFileDesc --
01-01 00:02:45.386   233   409 D NVRAM   : NVM_GetCfgFileTable done
01-01 00:02:45.386   233   408 D NVRAM   : FD 6 rec_size 64 rec_num 1
01-01 00:02:45.386   233   409 D NVRAM   : Open /data/nvram/APCFG/APRDEB/WIFI,LID:53
01-01 00:02:45.386   233   408 D NVRAM   : Read NVRAM: [BDAddr 76-d3-46-65-80-de][Voice 60 00][Codec 23 10 00 00]               [Radio 07 80 00 06 05 07][Sleep 03 40 1f 40 1f 00 04][BtFTR 80 00]               [TxPWOffset ff ff ff][CoexAdjust 00 00 00 00 00 00]
01-01 00:02:45.386   233   409 D NVRAM   : NVM_CmpFileVerNo 53  
01-01 00:02:45.386   233   409 D NVRAM   : NVM_GetCfgFileTable : file_lid = 53
01-01 00:02:45.387   233   409 D NVRAM   : Check if FILE_VER exists before openning it!
01-01 00:02:45.387   233   409 D NVRAM   : NVM_CheckVerFile: 1
01-01 00:02:45.387   233   409 D NVRAM   : New version info file
01-01 00:02:45.387   233   409 D NVRAM   : Load File Version: 000, NvRam File Version: 000
01-01 00:02:45.387   233   409 D NVRAM   : no need to enc/dnc
01-01 00:02:45.387   233   409 D NVRAM   : NVM_CheckFileSize : 53 ++
01-01 00:02:45.387   243   243 D mnl_linux: mtk_gps_sys_init: nvram_init_val Ready
01-01 00:02:45.387   233   409 D NVRAM   : iCustomBeginLID = 49
01-01 00:02:45.387   233   409 D NVRAM   : NVM_CheckVerFile: 1
01-01 00:02:45.387   243   243 D mnl_linux: mtk_gps_sys_init: Get nvram restore ready retry cc=2
01-01 00:02:45.637   226   226 V MediaUtils: physMem: 1013276672
01-01 00:02:45.637   226   226 V MediaUtils: requested limit: 658629790
01-01 00:02:45.637   226   226 V MediaUtils: actual limit: 658629790
01-01 00:02:45.637   226   226 V MediaUtils: original limits: 4294967295/4294967295
01-01 00:02:45.637   226   226 V MediaUtils: new limits: 658629790/4294967295
01-01 00:02:45.650   226   226 I mediaserver: ServiceManager: 0xb604e120
01-01 00:02:45.650   226   226 I AudioFlinger: Using default 3000 mSec as standby time.
01-01 00:02:45.651   226   226 E BatteryNotifier: batterystats service unavailable!
01-01 00:02:45.651   226   226 E BatteryNotifier: batterystats service unavailable!
01-01 00:02:45.652   226   226 I CameraService: CameraService started (pid=226)
01-01 00:02:45.652   226   226 I CameraService: CameraService process starting
01-01 00:02:45.653   226   226 E BatteryNotifier: batterystats service unavailable!
01-01 00:02:45.653   226   226 E BatteryNotifier: batterystats service unavailable!
01-01 00:02:45.790   205   205 I ccci_mdinit: type=1400 audit(0.0:55): avc: denied { dac_override } for capability=1 scontext=u:r:ccci_mdinit:s0 tcontext=u:r:ccci_mdinit:s0 tclass=capability permissive=1
01-01 00:02:45.794   206   206 D ccci_mdinit(2): service.nvram_init=Ready, 4
01-01 00:02:45.794   206   206 E ccci_mdinit(2): Gotten ret=0,nvram_init=Ready!
01-01 00:02:45.794   206   206 D ccci_mdinit(2): unencrypted!!
01-01 00:02:45.794   206   206 D ccci_mdinit(2): set md status:mtk.md2.status=init_done 
01-01 00:02:45.795   206   206 D ccci_mdinit(2): boot modem2
01-01 00:02:45.798   205   205 D ccci_mdinit(1): service.nvram_init=Ready, 4
01-01 00:02:45.799   205   205 E ccci_mdinit(1): Gotten ret=0,nvram_init=Ready!
01-01 00:02:45.799   205   205 D ccci_mdinit(1): unencrypted!!
01-01 00:02:45.799   205   205 D ccci_mdinit(1): set md status:mtk.md1.status=init_done 
01-01 00:02:45.800   205   205 D ccci_mdinit(1): boot modem1
01-01 00:02:45.800   205   205 D ccci_mdinit(1): /dev/ccci_monitor is opend(0).
01-01 00:02:45.800   205   205 D ccci_mdinit(1): looking for /custom/etc/firmware/modem_1_2g_n.img...
01-01 00:02:45.800   205   205 D ccci_mdinit(1): looking for /etc/firmware/modem_1_2g_n.img...
01-01 00:02:45.800   205   205 D ccci_mdinit(1): err -1
01-01 00:02:45.800   205   205 D ccci_mdinit(1): looking for /custom/etc/firmware/modem_1_3g_n.img...
01-01 00:02:45.801   205   205 D ccci_mdinit(1): looking for /etc/firmware/modem_1_3g_n.img...
01-01 00:02:45.801   205   205 D ccci_mdinit(1): err -1
01-01 00:02:45.801   205   205 D ccci_mdinit(1): looking for /custom/etc/firmware/modem_1_wg_n.img...
01-01 00:02:45.801   205   205 D ccci_mdinit(1): looking for /etc/firmware/modem_1_wg_n.img...
01-01 00:02:45.801   205   205 D ccci_mdinit(1): find modem_1_wg_n.img
01-01 00:02:45.801   205   205 D ccci_mdinit(1): looking for /custom/etc/firmware/modem_1_tg_n.img...
01-01 00:02:45.801   205   205 D ccci_mdinit(1): looking for /etc/firmware/modem_1_tg_n.img...
01-01 00:02:45.801   205   205 D ccci_mdinit(1): err -1
01-01 00:02:45.802   205   205 D ccci_mdinit(1): looking for /custom/etc/firmware/modem_1_lwg_n.img...
01-01 00:02:45.802   205   205 D ccci_mdinit(1): looking for /etc/firmware/modem_1_lwg_n.img...
01-01 00:02:45.802   205   205 D ccci_mdinit(1): err -1
01-01 00:02:45.802   205   205 D ccci_mdinit(1): looking for /custom/etc/firmware/modem_1_ltg_n.img...
01-01 00:02:45.802   205   205 D ccci_mdinit(1): looking for /etc/firmware/modem_1_ltg_n.img...
01-01 00:02:45.802   205   205 D ccci_mdinit(1): err -1
01-01 00:02:45.802   205   205 D ccci_mdinit(1): looking for /custom/etc/firmware/modem_1_sglte_n.img...
01-01 00:02:45.802   205   205 D ccci_mdinit(1): looking for /etc/firmware/modem_1_sglte_n.img...
01-01 00:02:45.802   205   205 D ccci_mdinit(1): err -1
01-01 00:02:45.802   205   205 D ccci_mdinit(1): md_img_exist 3 0 0 0
01-01 00:02:45.803   205   205 D ccci_mdinit(1): Begin to set md type!
01-01 00:02:45.804   205   205 D NVRAM   : NVM_GetFileDesc ++
01-01 00:02:45.805   205   205 D NVRAM   : length of g_NVRAM_BACKUP_DEVICE=59
01-01 00:02:45.806   205   205 D NVRAM   : nvram_layout_callback will run!!!
01-01 00:02:45.806   205   205 D NVRAM   : nvram_platform_log_block: 2
01-01 00:02:45.806   205   205 D NVRAM   : nvram_platform_resv_block: 2
01-01 00:02:45.807   205   205 D NVRAM   : nvram_platform_DM_block: 1
01-01 00:02:45.807   205   205 D NVRAM   : nvram_platform_layout_version: 0
01-01 00:02:45.807   205   205 D NVRAM   : nvram_platform_header_offset: 0
01-01 00:02:45.807   205   205 D NVRAM   : g_i4CFG_File_Count: 49
01-01 00:02:45.807   205   205 D NVRAM   : NVM_Init Max Lid: 73
01-01 00:02:45.807   205   205 D NVRAM   : [NVRAM]: info nvram_gpt_flag =1
01-01 00:02:45.808   205   205 D NVRAM   : NVM_GetCfgFileTable : file_lid = 19
01-01 00:02:45.808   205   205 D NVRAM   : NVM_GetCfgFileTable done
01-01 00:02:45.809   205   205 D NVRAM   : Open /data/nvram/APCFG/APRDCL/MD_Type,LID:19
01-01 00:02:45.809   205   205 D NVRAM   : NVM_CmpFileVerNo 19  
01-01 00:02:45.809   205   205 D NVRAM   : NVM_GetCfgFileTable : file_lid = 19
01-01 00:02:45.809   205   205 D NVRAM   : Check if FILE_VER exists before openning it!
01-01 00:02:45.809   205   205 D NVRAM   : NVM_CheckVerFile: 1
01-01 00:02:45.810   205   205 D NVRAM   : New version info file
01-01 00:02:45.811   205   205 D NVRAM   : Load File Version: 000, NvRam File Version: 000
01-01 00:02:45.811   205   205 D NVRAM   : no need to enc/dnc
01-01 00:02:45.811   205   205 D NVRAM   : NVM_CheckFileSize : 19 ++
01-01 00:02:45.811   205   205 D NVRAM   : iCustomBeginLID = 49
01-01 00:02:45.811   205   205 D NVRAM   : NVM_CheckVerFile: 1
01-01 00:02:45.813   205   205 D NVRAM   : NVM_GetCfgFileTable : file_lid = 19
01-01 00:02:45.815   205   205 D NVRAM   : NVM_CheckFileSize:stat_size:6,size in table:4
01-01 00:02:45.815   205   205 D NVRAM   : NVM_ProtectUserData
01-01 00:02:45.815   205   205 D NVRAM   : NVM_ProtectUserData:Check File
01-01 00:02:45.817   205   205 D NVRAM   : NVM_CheckFile: File is correct!
01-01 00:02:45.817   205   205 D NVRAM   : NVM_ProtectUserData:Check Success
01-01 00:02:45.817   205   205 D NVRAM   : NVM_GetFileDesc ProtectDataFile Check Success!!
01-01 00:02:45.817   205   205 D NVRAM   : NVM_GetFileDesc --
01-01 00:02:45.817   205   205 D NVRAM   : NVM_CheckFileSize : 19 ++
01-01 00:02:45.818   205   205 D NVRAM   : iCustomBeginLID = 49
01-01 00:02:45.818   205   205 D NVRAM   : NVM_CheckVerFile: 1
01-01 00:02:45.818   205   205 D NVRAM   : NVM_GetCfgFileTable : file_lid = 19
01-01 00:02:45.818   205   205 D NVRAM   : NVM_CheckFileSize:stat_size:6,size in table:4
01-01 00:02:45.818   205   205 D NVRAM   : NVM_ProtectUserData
01-01 00:02:45.818   205   205 D NVRAM   : NVM_ProtectUserData:Set Check Num
01-01 00:02:45.818   205   205 D NVRAM   : NVM_SetCheckNo: CheckNo:3
01-01 00:02:45.818   205   205 D NVRAM   : NVM_SetCheckNo: CheckFlag:0
01-01 00:02:45.820   203   203 I ccci_fsd: type=1400 audit(0.0:56): avc: denied { dac_override } for capability=1 scontext=u:r:ccci_fsd:s0 tcontext=u:r:ccci_fsd:s0 tclass=capability permissive=1
01-01 00:02:45.823   205   205 D NVRAM   : NVM_SetCheckNo: CheckNo generate successfully!
01-01 00:02:45.823   205   205 D NVRAM   : NVM_ProtectUserData:Set Check Num Success
01-01 00:02:45.823   205   205 D NVRAM   : NVM_CloseFileDesc ProtectDataFile Success!!
01-01 00:02:45.823   205   205 D NVRAM   : no need to enc/dnc
01-01 00:02:45.823   205   205 D ccci_mdinit(1): get md1 type in nvram(3)
01-01 00:02:45.823   205   205 D ccci_mdinit(1): storing md0 type(3) to kernel!
01-01 00:02:45.823   205   205 D ccci_mdinit(1): Current muxd: gsm0710muxd, rild:ril-daemon-mtk
01-01 00:02:45.823   205   205 D NVRAM   : NVM_GetLIDByName /data/nvram/APCFG/APRDCL/MD_SBP 
01-01 00:02:45.823   205   205 D NVRAM   : gFileNameArray =b6b26000
01-01 00:02:45.823   205   205 D NVRAM   : deal with cfgfile =/data/nvram/APCFG/APRDCL/FILE_VER,0
01-01 00:02:45.823   205   205 D NVRAM   : deal with cfgfile =/data/nvram/APCFG/APRDEB/BT_Addr,1
01-01 00:02:45.823   205   205 D NVRAM   : deal with cfgfile =/data/nvram/APCFG/APRDCL/AUXADC,2
01-01 00:02:45.824   205   205 D NVRAM   : deal with cfgfile =/data/nvram/media/CAMERA_Para,3
01-01 00:02:45.824   205   205 D NVRAM   : deal with cfgfile =/data/nvram/media/CAMERA_3A,4
01-01 00:02:45.824   205   205 D NVRAM   : deal with cfgfile =/data/nvram/media/CAMERA_SHADING,5
01-01 00:02:45.824   205   205 D NVRAM   : deal with cfgfile =/data/nvram/media/CAMERA_DEFECT,6
01-01 00:02:45.824   205   205 D NVRAM   : deal with cfgfile =/data/nvram/media/CAMERA_SENSOR,7
01-01 00:02:45.824   205   205 D NVRAM   : deal with cfgfile =/data/nvram/media/CAMERA_LENS,8
01-01 00:02:45.824   205   205 D NVRAM   : deal with cfgfile =/data/nvram/APCFG/APRDCL/UART,9
01-01 00:02:45.824   205   205 D NVRAM   : deal with cfgfile =/data/nvram/APCFG/APRDCL/FACTORY,10
01-01 00:02:45.824   205   205 D NVRAM   : deal with cfgfile =/data/nvram/APCFG/APRDCL/BWCS,11
01-01 00:02:45.824   205   205 D NVRAM   : deal with cfgfile =/data/nvram/APCFG/APRDCL/HWMON_ACC,12
01-01 00:02:45.824   205   205 D NVRAM   : deal with cfgfile =/data/nvram/APCFG/APRDCL/HWMON_GYRO,13
01-01 00:02:45.824   205   205 D NVRAM   : deal with cfgfile =/data/nvram/APCFG/APRDEB/OMADM_USB,14
01-01 00:02:45.824   205   205 D NVRAM   : deal with cfgfile =/data/nvram/media/Voice_Recognize_Param,15
01-01 00:02:45.824   205   205 D NVRAM   : deal with cfgfile =/data/nvram/media/Audio_AudEnh_Control_Opt,16
01-01 00:02:45.824   205   205 D NVRAM   : deal with cfgfile =/data/nvram/media/Audio_VOIP_Param,17
01-01 00:02:45.824   205   205 D NVRAM   : deal with cfgfile =/data/nvram/APCFG/APRDCL/HWMON_PS,18
01-01 00:02:45.825   205   205 D NVRAM   : deal with cfgfile =/data/nvram/APCFG/APRDCL/MD_Type,19
01-01 00:02:45.825   205   205 D NVRAM   : deal with cfgfile =/data/nvram/APCFG/APRDCL/EXT_MD_Type,20
01-01 00:02:45.825   205   205 D NVRAM   : deal with cfgfile =/data/nvram/APCFG/APRDCL/SDIO,21
01-01 00:02:45.825   205   205 D NVRAM   : deal with cfgfile =/data/nvram/media/CAMERA_VERSION,22
01-01 00:02:45.825   205   205 D NVRAM   : deal with cfgfile =/data/nvram/media/CAMERA_FEATURE,23
01-01 00:02:45.825   205   205 D NVRAM   : deal with cfgfile =/data/nvram/media/CAMERA_GEOMETRY,24
01-01 00:02:45.825   205   205 D NVRAM   : deal with cfgfile =/data/nvram/APCFG/APRDCL/MD_SBP,25
01-01 00:02:45.825   205   205 D NVRAM   : deal with cfgfile =/data/nvram/media/CAMERA_SHADING2,26
01-01 00:02:45.825   205   205 D NVRAM   : deal with cfgfile =/data/nvram/media/CAMERA_SHADING3,27
01-01 00:02:45.825   205   205 D NVRAM   : deal with cfgfile =/data/nvram/media/CAMERA_SHADING4,28
01-01 00:02:45.825   205   205 D NVRAM   : deal with cfgfile =/data/nvram/media/CAMERA_SHADING5,29
01-01 00:02:45.825   205   205 D NVRAM   : deal with cfgfile =/data/nvram/media/CAMERA_SHADING6,30
01-01 00:02:45.825   205   205 D NVRAM   : deal with cfgfile =/data/nvram/media/CAMERA_SHADING7,31
01-01 00:02:45.825   205   205 D NVRAM   : deal with cfgfile =/data/nvram/media/CAMERA_SHADING8,32
01-01 00:02:45.825   205   205 D NVRAM   : deal with cfgfile =/data/nvram/media/CAMERA_SHADING9,33
01-01 00:02:45.826   205   205 D NVRAM   : deal with cfgfile =/data/nvram/media/CAMERA_SHADING10,34
01-01 00:02:45.826   205   205 D NVRAM   : deal with cfgfile =/data/nvram/media/CAMERA_SHADING11,35
01-01 00:02:45.826   205   205 D NVRAM   : deal with cfgfile =/data/nvram/media/CAMERA_SHADING12,36
01-01 00:02:45.826   205   205 D NVRAM   : deal with cfgfile =/data/nvram/media/CAMERA_PLINE,37
01-01 00:02:45.826   205   205 D NVRAM   : deal with cfgfile =/data/nvram/media/CAMERA_PLINE2,38
01-01 00:02:45.826   205   205 D NVRAM   : deal with cfgfile =/data/nvram/media/CAMERA_PLINE3,39
01-01 00:02:45.826   205   205 D NVRAM   : deal with cfgfile =/data/nvram/media/CAMERA_PLINE4,40
01-01 00:02:45.826   205   205 D NVRAM   : deal with cfgfile =/data/nvram/media/CAMERA_PLINE5,41
01-01 00:02:45.826   205   205 D NVRAM   : deal with cfgfile =/data/nvram/media/CAMERA_PLINE6,42
01-01 00:02:45.826   205   205 D NVRAM   : deal with cfgfile =/data/nvram/media/CAMERA_PLINE7,43
01-01 00:02:45.826   205   205 D NVRAM   : deal with cfgfile =/data/nvram/media/CAMERA_PLINE8,44
01-01 00:02:45.826   205   205 D NVRAM   : deal with cfgfile =/data/nvram/media/CAMERA_PLINE9,45
01-01 00:02:45.826   205   205 D NVRAM   : deal with cfgfile =/data/nvram/media/CAMERA_PLINE10,46
01-01 00:02:45.826   205   205 D NVRAM   : deal with cfgfile =/data/nvram/media/CAMERA_PLINE11,47
01-01 00:02:45.827   205   205 D NVRAM   : deal with cfgfile =/data/nvram/media/CAMERA_PLINE12,48
01-01 00:02:45.827   205   205 D NVRAM   : deal with cfgcustfile =/data/nvram/media/Audio_Sph,49
01-01 00:02:45.827   205   205 D NVRAM   : deal with cfgcustfile =/data/nvram/APCFG/APRDEB/GPS,50
01-01 00:02:45.827   205   205 D NVRAM   : deal with cfgcustfile =/data/nvram/media/Audio_CompFlt,51
01-01 00:02:45.827   205   205 D NVRAM   : deal with cfgcustfile =/data/nvram/media/Audio_Effect,52
01-01 00:02:45.827   205   205 D NVRAM   : deal with cfgcustfile =/data/nvram/APCFG/APRDEB/WIFI,53
01-01 00:02:45.827   205   205 D NVRAM   : deal with cfgcustfile =/data/nvram/APCFG/APRDEB/WIFI_CUSTOM,54
01-01 00:02:45.827   205   205 D NVRAM   : deal with cfgcustfile =/data/nvram/media/Audio_Sph_Med,55
01-01 00:02:45.827   205   205 D NVRAM   : deal with cfgcustfile =/data/nvram/media/Audio_Vol_custom,56
01-01 00:02:45.827   205   205 D NVRAM   : deal with cfgcustfile =/data/nvram/media/Sph_Dual_Mic,57
01-01 00:02:45.827   205   205 D NVRAM   : deal with cfgcustfile =/data/nvram/media/Audio_Wb_Sph,58
01-01 00:02:45.827   205   205 D NVRAM   : deal with cfgcustfile =/data/nvram/APCFG/APRDEB/PRODUCT_INFO,59
01-01 00:02:45.827   205   205 D NVRAM   : deal with cfgcustfile =/data/nvram/media/Headphone_CompFlt,60
01-01 00:02:45.827   205   205 D NVRAM   : deal with cfgcustfile =/data/nvram/media/Audio_gain_table,61
01-01 00:02:45.827   205   205 D NVRAM   : deal with cfgcustfile =/data/nvram/media/Audio_ver1_Vol_custom,62
01-01 00:02:45.828   205   205 D NVRAM   : deal with cfgcustfile =/data/nvram/media/Audio_Hd_Record_Param,63
01-01 00:02:45.828   205   205 D NVRAM   : deal with cfgcustfile =/data/nvram/media/Audio_Hd_Record_Scene_Table,64
01-01 00:02:45.828   203   203 E ccci_fsd(1): can't catch SIGKILL
01-01 00:02:45.828   205   205 D NVRAM   : deal with cfgcustfile =/data/nvram/media/Audio_Buffer_DC_Calibration_Param,65
01-01 00:02:45.828   205   205 D NVRAM   : deal with cfgcustfile =/data/nvram/media/VibSpk_CompFlt,66
01-01 00:02:45.828   205   205 D NVRAM   : deal with cfgcustfile =/data/nvram/media/MusicDRC_CompFlt,67
01-01 00:02:45.828   205   205 D NVRAM   : deal with cfgcustfile =/data/nvram/media/RingToneDRC_CompFlt,68
01-01 00:02:45.828   205   205 D NVRAM   : deal with cfgcustfile =/data/nvram/media/Audio_MAGI_CONFERENCE,69
01-01 00:02:45.828   205   205 D NVRAM   : deal with cfgcustfile =/data/nvram/media/Audio_HAC_Param,70
01-01 00:02:45.828   205   205 D NVRAM   : deal with cfgcustfile =/data/nvram/APCFG/APRDEB/Custom_FMT,71
01-01 00:02:45.828   205   205 D NVRAM   : deal with cfgcustfile =/data/nvram/APCFG/APRDEB/Custom_FMT_1,72
01-01 00:02:45.828   205   205 D NVRAM   : NVRAM: NVM_GetLIDByName Lid =25 
01-01 00:02:45.828   205   205 D ccci_mdinit(1): get sbp lid:25
01-01 00:02:45.828   205   205 D ccci_mdinit(1): get_nvram_ef_data fid:25, size:24, pdata:0xb6b06090
01-01 00:02:45.828   205   205 D NVRAM   : NVM_GetFileDesc ++
01-01 00:02:45.954   205   205 D ccci_mdinit(1): deamon begin to run!
01-01 00:02:45.954   205   205 D ccci_mdinit(1): MD is release version
01-01 00:02:45.982   205   205 D ccci_mdinit(1): buff.data[0] = 0xFFFFFFFF, data[1] = 0xFAF50002, channel = F0000000, reserved = 0x00000000
01-01 00:02:45.982   205   205 D ccci_mdinit(1): set md status:mtk.md1.status=bootup 
01-01 00:02:45.983   205   205 D ccci_mdinit(1): modem boot up, set runtime data
01-01 00:02:45.999   199   229 I [MALI][Gralloc]: usage: 0xf02, format: 1 stride: 480 vertical_stride: 854 size: 1639680
01-01 00:02:46.002   203   203 E ccci_fsd(1): IsReadOnly: [error]fail on file: /data/nvram/md/FAT3149C88D.log 
01-01 00:02:46.012   404   425 E BootAnimation: couldn't find audio_conf.txt
01-01 00:02:46.188   205   205 D ccci_mdinit(1): buff.data[0] = 0xFFFFFFFF, data[1] = 0xFAF50001, channel = F0000000, reserved = 0x00000000
01-01 00:02:46.191   205   205 D ccci_mdinit(1): set md status:mtk.md1.status=ready 
01-01 00:02:46.192   205   205 D ccci_mdinit(1): modem ready
01-01 00:02:46.192   205   205 D ccci_mdinit(1): start all ccci up layer services
01-01 00:02:46.192   205   205 D ccci_mdinit(1): start mdlogger
01-01 00:02:46.192   205   205 I ccci_mdinit(1): start_service init.svc.mdlogger, but returned 0, maybe has no this property
01-01 00:02:46.193   205   205 I ccci_mdinit(1): wait_for_property() name:init.svc.mdlogger, desired_value:running, waitmsec:0, loop:1
01-01 00:02:46.193   205   205 I ccci_mdinit(1): wait_for_property() no property of :init.svc.mdlogger, loop:0
01-01 00:02:46.193   205   205 E ccci_mdinit(1): wait_for_property() failed!name:init.svc.mdlogger, desired_value:running, waitmsec:0, value:
01-01 00:02:46.193   205   205 D ccci_mdinit(1): Current muxd: gsm0710muxd, rild:ril-daemon-mtk
01-01 00:02:46.193   205   205 I ccci_mdinit(1): start_service init.svc.gsm0710muxd, but returned 0, maybe has no this property
01-01 00:02:46.196   205   205 I ccci_mdinit(1): wait_for_property() name:init.svc.gsm0710muxd, desired_value:running, waitmsec:2000, loop:20
01-01 00:02:46.196   205   205 I ccci_mdinit(1): wait_for_property() no property of :init.svc.gsm0710muxd, loop:19
01-01 00:02:46.240   438   438 I gsm0710muxd: type=1400 audit(0.0:57): avc: denied { dac_override } for capability=1 scontext=u:r:gsm0710muxd:s0 tcontext=u:r:gsm0710muxd:s0 tclass=capability permissive=1
01-01 00:02:46.278   199   234 I [MALI][Gralloc]: usage: 0xf02, format: 1 stride: 480 vertical_stride: 854 size: 1639680
01-01 00:02:46.296   205   205 I ccci_mdinit(1): wait_for_property() ready for name:init.svc.gsm0710muxd, loop:18
01-01 00:02:46.296   205   205 D ccci_mdinit(1): BC queue free space 7
01-01 00:02:46.296   205   205 D ccci_mdinit(1): Store sbp file start... metamode:0,md_sbp_lid:25
01-01 00:02:46.296   205   205 D ccci_mdinit(1): Store md sbp code! ret:0, needstore:0x0, sbp1:0, flag1:1, sbp2:0, flag2:1, times:0
01-01 00:02:46.296   205   205 D ccci_mdinit(1): Store sbp file End.
01-01 00:02:46.308   437   437 I MDLOGGER: previous mask value is 077
01-01 00:02:46.308   437   437 I MDLOGGER: Starting MDLogger. Version=W1413.p1 (Mar  7 2016 13:26:28)
01-01 00:02:46.308   437   437 I MDLOGGER: MDlogger init with LGE
01-01 00:02:46.308   437   437 I MDLOGGER: signal ignore
01-01 00:02:46.308   437   437 D MDLOGGER: Normal Mode 0
01-01 00:02:46.308   437   437 D MDLOGGER: [isBootCompleted]==> Normal mode:Ready = 0
01-01 00:02:46.343   437   437 I MDLOGGER: debug property persist.mtklog.log2sd.path value is none
01-01 00:02:46.344   437   437 I MDLOGGER: Customize Prop file exist.
01-01 00:02:46.349   437   437 I MDLOGGER: Log Save debug.mdlogger.log2sd.defaultpath = internal_sd.
01-01 00:02:46.349   437   437 I MDLOGGER: Auto Run com.mediatek.log.modem.enabled = false.
01-01 00:02:46.350   437   437 D MDLOGGER: Get recycle size: 600
01-01 00:02:46.351   437   437 D MDLOGGER: Get auto start mode: 0
01-01 00:02:46.351   437   437 E MDLOGGER: mSockListenId ok
01-01 00:02:46.492   226   226 D MtkCam/Metadata: [clear] pid:226 tid:226
01-01 00:02:46.493   226   226 D SeninfDrvImp: [getInstance][getInstance] 
01-01 00:02:46.493   226   226 D SeninfDrvImp: [SeninfDrvImp][SeninfDrvImp] 
01-01 00:02:46.493   226   226 D SeninfDrvImp: [init][init]: Entry count 0 
01-01 00:02:46.494   226   226 D SeninfDrvImp: [init]mpCAMIODrvRegAddr 0xb1f8c078 = 0x15554, State: init  
01-01 00:02:46.494   226   226 D SeninfDrvImp: [init][init]: Exit count 1 
01-01 00:02:46.494   226   226 D SeninfDrvImp: [setMclk1][setTg1PhaseCounter] pcEn(1) clkPol(0) CamPll(0x0) mMclk1User(1)
01-01 00:02:46.495   226   226 D SeninfDrvImp: [setMclk2][setTg2PhaseCounter] pcEn(1) clkPol(0) CamPll(0x0) mMclk2User(1)
01-01 00:02:46.495   226   226 D ImgSensorDrv: [impSearchSensor]SENSOR search start 
01-01 00:02:46.495   226   226 D ImgSensorDrv: [impSearchSensor]impSearchSensor search to sub
01-01 00:02:46.495   226   226 D ImgSensorDrv: [impSearchSensor]set sensor driver id =10000
01-01 00:02:46.530   259   259 I shelld  : type=1400 audit(0.0:58): avc: denied { call } for scontext=u:r:init:s0 tcontext=u:r:servicemanager:s0 tclass=binder permissive=1
01-01 00:02:46.530   259   259 I shelld  : type=1400 audit(0.0:59): avc: denied { transfer } for scontext=u:r:init:s0 tcontext=u:r:servicemanager:s0 tclass=binder permissive=1
01-01 00:02:46.530   198   198 I servicemanager: type=1400 audit(0.0:60): avc: denied { search } for name="259" dev="proc" ino=1181 scontext=u:r:servicemanager:s0 tcontext=u:r:init:s0 tclass=dir permissive=1
01-01 00:02:46.530   198   198 I servicemanager: type=1400 audit(0.0:61): avc: denied { read } for name="current" dev="proc" ino=584 scontext=u:r:servicemanager:s0 tcontext=u:r:init:s0 tclass=file permissive=1
01-01 00:02:46.530   198   198 I servicemanager: type=1400 audit(0.0:62): avc: denied { open } for path="/proc/259/attr/current" dev="proc" ino=584 scontext=u:r:servicemanager:s0 tcontext=u:r:init:s0 tclass=file permissive=1
01-01 00:02:46.536   259   259 I shelld  : ServiceManager: 0xb503d9a0
01-01 00:02:46.601   226   226 D ImgSensorDrv: [getCurrentSensorType][getCurrentSensorType] 
01-01 00:02:46.601   226   226 D ImgSensorDrv: [getInfo][getInfo],m_fdSensor = 0xa 
01-01 00:02:46.601   226   226 D ImgSensorDrv: [getSocketPosition][getSocketPosition]:[1][1] 
01-01 00:02:46.601   226   226 D ImgSensorDrv: [impSearchSensor]found <0x9760/ov9760mipiraw/SENSOR_DRVNAME_OV9760_MIPI_RAW>
01-01 00:02:46.602   226   226 D ImgSensorDrv: [impSearchSensor]MAIN sensor found:[0]/[0x10000]/[0]/[1] 
01-01 00:02:46.602   226   226 D ImgSensorDrv: [impSearchSensor]set sensor driver id =10001
01-01 00:02:46.707   226   226 D ImgSensorDrv: [impSearchSensor][impSearchSensor] Err-ctrlCode (I/O error) 
01-01 00:02:46.707   226   226 D ImgSensorDrv: [getCurrentSensorType][getCurrentSensorType] 
01-01 00:02:46.707   226   226 D ImgSensorDrv: [getInfo][getInfo],m_fdSensor = 0xa 
01-01 00:02:46.707   226   226 D ImgSensorDrv: [getSocketPosition][getSocketPosition]:[1][1] 
01-01 00:02:46.708   226   226 D ImgSensorDrv: [impSearchSensor]sensor ID mismatch
01-01 00:02:46.708   226   226 D ImgSensorDrv: [impSearchSensor]set sensor driver id =10002
01-01 00:02:46.752   226   226 D ImgSensorDrv: [impSearchSensor][impSearchSensor] Err-ctrlCode (I/O error) 
01-01 00:02:46.752   226   226 D ImgSensorDrv: [getCurrentSensorType][getCurrentSensorType] 
01-01 00:02:46.752   226   226 D ImgSensorDrv: [getInfo][getInfo],m_fdSensor = 0xa 
01-01 00:02:46.752   226   226 D ImgSensorDrv: [getSocketPosition][getSocketPosition]:[1][1] 
01-01 00:02:46.753   226   226 D ImgSensorDrv: [impSearchSensor]sensor ID mismatch
01-01 00:02:46.753   226   226 D ImgSensorDrv: [impSearchSensor]set sensor driver id =10003
01-01 00:02:46.796   226   226 D ImgSensorDrv: [impSearchSensor][impSearchSensor] Err-ctrlCode (I/O error) 
01-01 00:02:46.796   226   226 D ImgSensorDrv: [getCurrentSensorType][getCurrentSensorType] 
01-01 00:02:46.796   226   226 D ImgSensorDrv: [getInfo][getInfo],m_fdSensor = 0xa 
01-01 00:02:46.796   226   226 D ImgSensorDrv: [getSocketPosition][getSocketPosition]:[1][1] 
01-01 00:02:46.796   226   226 D ImgSensorDrv: [impSearchSensor]sensor ID mismatch
01-01 00:02:46.796   226   226 D ImgSensorDrv: [impSearchSensor]set sensor driver id =10004
01-01 00:02:46.854   226   226 D ImgSensorDrv: [impSearchSensor][impSearchSensor] Err-ctrlCode (I/O error) 
01-01 00:02:46.854   226   226 D ImgSensorDrv: [getCurrentSensorType][getCurrentSensorType] 
01-01 00:02:46.854   226   226 D ImgSensorDrv: [getInfo][getInfo],m_fdSensor = 0xa 
01-01 00:02:46.854   226   226 D ImgSensorDrv: [getSocketPosition][getSocketPosition]:[1][1] 
01-01 00:02:46.854   226   226 D ImgSensorDrv: [impSearchSensor]sensor ID mismatch
01-01 00:02:46.854   226   226 D ImgSensorDrv: [impSearchSensor]set sensor driver id =10005
01-01 00:02:46.890   258   258 D AndroidRuntime: >>>>>> START com.android.internal.os.ZygoteInit uid 0 <<<<<<
01-01 00:02:46.921   258   258 D AndroidRuntime: CheckJNI is OFF
01-01 00:02:46.932   258   258 I art     : option[0]=-Xzygote
01-01 00:02:46.932   258   258 I art     : option[1]=-Xstacktracefile:/data/anr/traces.txt
01-01 00:02:46.932   258   258 I art     : option[2]=exit
01-01 00:02:46.932   258   258 I art     : option[3]=vfprintf
01-01 00:02:46.932   258   258 I art     : option[4]=sensitiveThread
01-01 00:02:46.932   258   258 I art     : option[5]=-verbose:gc
01-01 00:02:46.932   258   258 I art     : option[6]=-Xms8m
01-01 00:02:46.932   258   258 I art     : option[7]=-Xmx256m
01-01 00:02:46.932   258   258 I art     : option[8]=-XX:HeapGrowthLimit=96m
01-01 00:02:46.932   258   258 I art     : option[9]=-XX:HeapMinFree=2m
01-01 00:02:46.932   258   258 I art     : option[10]=-XX:HeapMaxFree=8m
01-01 00:02:46.933   258   258 I art     : option[11]=-XX:HeapTargetUtilization=0.75
01-01 00:02:46.933   258   258 I art     : option[12]=-agentlib:jdwp=transport=dt_android_adb,suspend=n,server=y
01-01 00:02:46.933   258   258 I art     : option[13]=-Xlockprofthreshold:500
01-01 00:02:46.933   258   258 I art     : option[14]=-Ximage-compiler-option
01-01 00:02:46.933   258   258 I art     : option[15]=--runtime-arg
01-01 00:02:46.933   258   258 I art     : option[16]=-Ximage-compiler-option
01-01 00:02:46.933   258   258 I art     : option[17]=-Xms64m
01-01 00:02:46.933   258   258 I art     : option[18]=-Ximage-compiler-option
01-01 00:02:46.933   258   258 I art     : option[19]=--runtime-arg
01-01 00:02:46.933   258   258 I art     : option[20]=-Ximage-compiler-option
01-01 00:02:46.933   258   258 I art     : option[21]=-Xmx64m
01-01 00:02:46.933   258   258 I art     : option[22]=-Ximage-compiler-option
01-01 00:02:46.933   258   258 I art     : option[23]=--image-classes=/system/etc/preloaded-classes
01-01 00:02:46.933   258   258 I art     : option[24]=-Xcompiler-option
01-01 00:02:46.933   258   258 I art     : option[25]=--runtime-arg
01-01 00:02:46.933   258   258 I art     : option[26]=-Xcompiler-option
01-01 00:02:46.933   258   258 I art     : option[27]=-Xms64m
01-01 00:02:46.933   258   258 I art     : option[28]=-Xcompiler-option
01-01 00:02:46.933   258   258 I art     : option[29]=--runtime-arg
01-01 00:02:46.933   258   258 I art     : option[30]=-Xcompiler-option
01-01 00:02:46.934   258   258 I art     : option[31]=-Xmx512m
01-01 00:02:46.934   258   258 I art     : option[32]=-Ximage-compiler-option
01-01 00:02:46.934   258   258 I art     : option[33]=--instruction-set-variant=cortex-a7
01-01 00:02:46.934   258   258 I art     : option[34]=-Xcompiler-option
01-01 00:02:46.934   258   258 I art     : option[35]=--instruction-set-variant=cortex-a7
01-01 00:02:46.934   258   258 I art     : option[36]=-Ximage-compiler-option
01-01 00:02:46.934   258   258 I art     : option[37]=--instruction-set-features=default
01-01 00:02:46.934   258   258 I art     : option[38]=-Xcompiler-option
01-01 00:02:46.934   258   258 I art     : option[39]=--instruction-set-features=default
01-01 00:02:46.934   258   258 I art     : option[40]=-Duser.locale=en-US
01-01 00:02:46.934   258   258 I art     : option[41]=--cpu-abilist=armeabi-v7a,armeabi
01-01 00:02:46.934   258   258 I art     : option[42]=-Xfingerprint:DOOGEE/cm_x5/x5:6.0.1/MOB31T/83082c97f3:userdebug/release-keys
01-01 00:02:46.967   226   226 D ImgSensorDrv: [impSearchSensor][impSearchSensor] Err-ctrlCode (I/O error) 
01-01 00:02:46.967   226   226 D ImgSensorDrv: [getCurrentSensorType][getCurrentSensorType] 
01-01 00:02:46.967   226   226 D ImgSensorDrv: [getInfo][getInfo],m_fdSensor = 0xa 
01-01 00:02:46.967   226   226 D ImgSensorDrv: [getSocketPosition][getSocketPosition]:[1][1] 
01-01 00:02:46.967   226   226 D ImgSensorDrv: [impSearchSensor]sensor ID mismatch
01-01 00:02:46.967   226   226 D ImgSensorDrv: [impSearchSensor]m_pstSensorInitFunc[i].getCameraDefault is NULL: 6 
01-01 00:02:46.967   226   226 D ImgSensorDrv: [impSearchSensor]impSearchSensor search to sub
01-01 00:02:46.967   226   226 D ImgSensorDrv: [impSearchSensor]set sensor driver id =20000
01-01 00:02:46.998   239   365 D agps    : [agps] WARNING: [CP] cp2_fd_1_req_sim_num_timeout
01-01 00:02:46.999   239   342 D agps    : [agps][n][CP] [MD_1] write  sim_info_req
01-01 00:02:46.999   239   342 D agps    : [agps][n][CP] [MD_1] read  sim_info_rsp  sim_number=2 md_type=0 (0=fdd, 1=tdd) ecid=0 otdoa=0 band_num=0
01-01 00:02:46.999   239   342 E agps    : [agps] ERR: [CP] band_num is not ready  retry=0
01-01 00:02:47.057   258   258 I art     : Pruning dalvik-cache since we are generating an image and will need to recompile
01-01 00:02:47.058   258   258 I art     : Using an offset of 0x52e000 from default art base address of 0x70000000
01-01 00:02:47.058   258   258 I art     : GenerateImage: /system/bin/dex2oat --image=/data/dalvik-cache/arm/system@framework@boot.art --dex-file=/system/framework/core-libart.jar --dex-file=/system/framework/conscrypt.jar --dex-file=/system/framework/okhttp.jar --dex-file=/system/framework/core-junit.jar --dex-file=/system/framework/bouncycastle.jar --dex-file=/system/framework/ext.jar --dex-file=/system/framework/framework.jar --dex-file=/system/framework/telephony-common.jar --dex-file=/system/framework/voip-common.jar --dex-file=/system/framework/ims-common.jar --dex-file=/system/framework/apache-xml.jar --dex-file=/system/framework/org.apache.http.legacy.boot.jar --dex-file=/system/framework/patchrom-core.jar --dex-file=/system/app/miui/miui.apk --dex-file=/system/app/miuisystem/miuisystem.apk --oat-file=/data/dalvik-cache/arm/system@framework@boot.oat --instruction-set=arm --instruction-set-features=smp,div,-atomic_ldrd_strd --base=0x7052e000 --runtime-arg -Xms64m --runtime-arg -Xmx64m --image-classes=/system/etc/preloaded-classes --instruction
01-01 00:02:47.068   226   226 D ImgSensorDrv: [impSearchSensor][impSearchSensor] Err-ctrlCode (I/O error) 
01-01 00:02:47.068   226   226 D ImgSensorDrv: [getCurrentSensorType][getCurrentSensorType] 
01-01 00:02:47.068   226   226 D ImgSensorDrv: [getInfo][getInfo],m_fdSensor = 0xa 
01-01 00:02:47.068   226   226 D ImgSensorDrv: [getSocketPosition][getSocketPosition]:[2][-1] 
01-01 00:02:47.068   226   226 D ImgSensorDrv: [impSearchSensor]sensor ID mismatch
01-01 00:02:47.068   226   226 D ImgSensorDrv: [impSearchSensor]set sensor driver id =20001
01-01 00:02:47.168   226   226 D ImgSensorDrv: [impSearchSensor][impSearchSensor] Err-ctrlCode (I/O error) 
01-01 00:02:47.168   226   226 D ImgSensorDrv: [getCurrentSensorType][getCurrentSensorType] 
01-01 00:02:47.169   226   226 D ImgSensorDrv: [getInfo][getInfo],m_fdSensor = 0xa 
01-01 00:02:47.169   226   226 D ImgSensorDrv: [getSocketPosition][getSocketPosition]:[2][-1] 
01-01 00:02:47.169   226   226 D ImgSensorDrv: [impSearchSensor]sensor ID mismatch
01-01 00:02:47.169   226   226 D ImgSensorDrv: [impSearchSensor]set sensor driver id =20002
01-01 00:02:47.170   469   469 I dex2oat : /system/bin/dex2oat --image=/data/dalvik-cache/arm/system@framework@boot.art --dex-file=/system/framework/core-libart.jar --dex-file=/system/framework/conscrypt.jar --dex-file=/system/framework/okhttp.jar --dex-file=/system/framework/core-junit.jar --dex-file=/system/framework/bouncycastle.jar --dex-file=/system/framework/ext.jar --dex-file=/system/framework/framework.jar --dex-file=/system/framework/telephony-common.jar --dex-file=/system/framework/voip-common.jar --dex-file=/system/framework/ims-common.jar --dex-file=/system/framework/apache-xml.jar --dex-file=/system/framework/org.apache.http.legacy.boot.jar --dex-file=/system/framework/patchrom-core.jar --dex-file=/system/app/miui/miui.apk --dex-file=/system/app/miuisystem/miuisystem.apk --oat-file=/data/dalvik-cache/arm/system@framework@boot.oat --instruction-set=arm --instruction-set-features=smp,div,-atomic_ldrd_strd --base=0x7052e000 --runtime-arg -Xms64m --runtime-arg -Xmx64m --image-classes=/system/etc/preloaded-classes --instruction-set-variant=co
01-01 00:02:47.177   469   469 I dex2oat : setting boot class path to /system/framework/core-libart.jar:/system/framework/conscrypt.jar:/system/framework/okhttp.jar:/system/framework/core-junit.jar:/system/framework/bouncycastle.jar:/system/framework/ext.jar:/system/framework/framework.jar:/system/framework/telephony-common.jar:/system/framework/voip-common.jar:/system/framework/ims-common.jar:/system/framework/apache-xml.jar:/system/framework/org.apache.http.legacy.boot.jar:/system/framework/patchrom-core.jar:/system/app/miui/miui.apk:/system/app/miuisystem/miuisystem.apk
01-01 00:02:47.212   226   226 D ImgSensorDrv: [impSearchSensor][impSearchSensor] Err-ctrlCode (I/O error) 
