* daemon not running. starting it now on port 5037 *
* daemon started successfully *
--------- beginning of main
01-01 00:02:34.784   177   177 W auditd  : type=2000 audit(0.0:1): initialized
01-01 00:02:39.790   177   177 I auditd  : type=1403 audit(0.0:2): policy loaded auid=4294967295 ses=4294967295
01-01 00:02:40.970     1     1 I init    : type=1400 audit(0.0:3): avc: denied { create } for name="sdcard" scontext=u:r:init:s0 tcontext=u:object_r:tmpfs:s0 tclass=lnk_file permissive=1
01-01 00:02:41.250   153   153 I e2fsck  : type=1400 audit(0.0:4): avc: denied { getattr } for path="/dev/block/mmcblk0p20" dev="tmpfs" ino=3832 scontext=u:r:fsck:s0 tcontext=u:object_r:platformblk_device:s0 tclass=blk_file permissive=1
01-01 00:02:41.250   153   153 I e2fsck  : type=1400 audit(0.0:5): avc: denied { read } for name="mmcblk0p20" dev="tmpfs" ino=3832 scontext=u:r:fsck:s0 tcontext=u:object_r:platformblk_device:s0 tclass=blk_file permissive=1
01-01 00:02:41.250   153   153 I e2fsck  : type=1400 audit(0.0:6): avc: denied { open } for path="/dev/block/mmcblk0p20" dev="tmpfs" ino=3832 scontext=u:r:fsck:s0 tcontext=u:object_r:platformblk_device:s0 tclass=blk_file permissive=1
01-01 00:02:41.250   153   153 I e2fsck  : type=1400 audit(0.0:7): avc: denied { write } for name="mmcblk0p20" dev="tmpfs" ino=3832 scontext=u:r:fsck:s0 tcontext=u:object_r:platformblk_device:s0 tclass=blk_file permissive=1
01-01 00:02:41.260   153   153 I e2fsck  : type=1400 audit(0.0:8): avc: denied { ioctl } for path="/dev/block/mmcblk0p20" dev="tmpfs" ino=3832 ioctlcmd=127c scontext=u:r:fsck:s0 tcontext=u:object_r:platformblk_device:s0 tclass=blk_file permissive=1
01-01 00:02:41.800   176   176 I init    : type=1400 audit(0.0:9): avc: denied { execute_no_trans } for path="/system/bin/tune2fs" dev="mmcblk0p18" ino=24209 scontext=u:r:init:s0 tcontext=u:object_r:system_file:s0 tclass=file permissive=1
01-01 00:02:41.840   176   176 I tune2fs : type=1400 audit(0.0:10): avc: denied { write } for name="mmcblk0p20" dev="tmpfs" ino=3832 scontext=u:r:init:s0 tcontext=u:object_r:platformblk_device:s0 tclass=blk_file permissive=1
--------- beginning of system
01-01 00:02:42.097   183   183 I vold    : Vold 3.0 (the awakening) firing up
01-01 00:02:42.099   183   183 V vold    : Detected support for: exfat ext4 ntfs vfat
01-01 00:02:42.400   186   186 I vold    : type=1400 audit(0.0:11): avc: denied { create } for name="disk:179_128" scontext=u:r:vold:s0 tcontext=u:object_r:voldblk_device:s0 tclass=blk_file permissive=1
01-01 00:02:42.400   186   186 I vold    : type=1400 audit(0.0:12): avc: denied { read } for name="disk:179_128" dev="tmpfs" ino=1090 scontext=u:r:vold:s0 tcontext=u:object_r:voldblk_device:s0 tclass=blk_file permissive=1
01-01 00:02:42.400   186   186 I vold    : type=1400 audit(0.0:13): avc: denied { open } for path="/dev/block/vold/disk:179_128" dev="tmpfs" ino=1090 scontext=u:r:vold:s0 tcontext=u:object_r:voldblk_device:s0 tclass=blk_file permissive=1
01-01 00:02:42.400   186   186 I vold    : type=1400 audit(0.0:14): avc: denied { ioctl } for path="/dev/block/vold/disk:179_128" dev="tmpfs" ino=1090 ioctlcmd=1272 scontext=u:r:vold:s0 tcontext=u:object_r:voldblk_device:s0 tclass=blk_file permissive=1
01-01 00:02:42.407   183   186 V vold    : /system/bin/sgdisk
01-01 00:02:42.407   183   186 V vold    :     --android-dump
01-01 00:02:42.407   183   186 V vold    :     /dev/block/vold/disk:179_128
01-01 00:02:42.450   189   189 I sgdisk  : type=1400 audit(0.0:15): avc: denied { read } for name="disk:179_128" dev="tmpfs" ino=1090 scontext=u:r:sgdisk:s0 tcontext=u:object_r:voldblk_device:s0 tclass=blk_file permissive=1
01-01 00:02:42.450   189   189 I sgdisk  : type=1400 audit(0.0:16): avc: denied { open } for path="/dev/block/vold/disk:179_128" dev="tmpfs" ino=1090 scontext=u:r:sgdisk:s0 tcontext=u:object_r:voldblk_device:s0 tclass=blk_file permissive=1
01-01 00:02:42.450   189   189 I sgdisk  : type=1400 audit(0.0:17): avc: denied { getattr } for path="/dev/block/vold/disk:179_128" dev="tmpfs" ino=1090 scontext=u:r:sgdisk:s0 tcontext=u:object_r:voldblk_device:s0 tclass=blk_file permissive=1
01-01 00:02:42.450   189   189 I sgdisk  : type=1400 audit(0.0:18): avc: denied { ioctl } for path="/dev/block/vold/disk:179_128" dev="tmpfs" ino=1090 ioctlcmd=1268 scontext=u:r:sgdisk:s0 tcontext=u:object_r:voldblk_device:s0 tclass=blk_file permissive=1
01-01 00:02:42.464   183   186 V vold    : DISK mbr
01-01 00:02:42.464   183   186 V vold    : PART 1 c
01-01 00:02:43.791   190   190 I /system/bin/tzdatacheck: tzdata file /data/misc/zoneinfo/current/tzdata does not exist. No action required.
01-01 00:02:43.870   191   191 I rm      : type=1400 audit(0.0:19): avc: denied { dac_override } for capability=1 scontext=u:r:toolbox:s0 tcontext=u:r:toolbox:s0 tclass=capability permissive=1
01-01 00:02:43.930     1     1 I init    : type=1400 audit(0.0:20): avc: denied { read } for name="nvram" dev="mmcblk0p20" ino=13 scontext=u:r:init:s0 tcontext=u:object_r:nvram_data_file:s0 tclass=lnk_file permissive=1
01-01 00:02:43.940   192   192 I init    : type=1400 audit(0.0:21): avc: denied { execute_no_trans } for path="/system/xbin/miuioneshots" dev="mmcblk0p18" ino=112022 scontext=u:r:init:s0 tcontext=u:object_r:system_file:s0 tclass=file permissive=1
01-01 00:02:44.107   195   195 I sysinit : Running /system/etc/init.d/00banner 
01-01 00:02:44.145   202   202 I 6620_launcher: get property(service.wcn.driver.ready) failed i_ret:0
01-01 00:02:44.177   201   201 I wmt_loader: is_chipId_vaild: 14 :0x6580!
01-01 00:02:44.177   201   201 I wmt_loader: key:(persist.mtk.wcn.combo.chipid)-value:(0x6580),chipId:0x6580,iRet(6)
01-01 00:02:44.177   201   201 I wmt_loader: remove wmtWifi returns:-1, errno:2
--------- beginning of crash
01-01 00:02:44.192   211   211 F libc    : page record for 0xb6f5201c was not found (block_size=16)
01-01 00:02:44.196   197   197 I lowmemorykiller: Using in-kernel low memory killer interface
01-01 00:02:44.200   203   203 I ccci_fsd: type=1400 audit(0.0:22): avc: denied { dac_override } for capability=1 scontext=u:r:ccci_fsd:s0 tcontext=u:r:ccci_fsd:s0 tclass=capability permissive=1
01-01 00:02:44.206   204   204 E ccci_fsd(0): md_fsd Ver:v2.02, CCCI Ver:2
01-01 00:02:44.207   203   203 E ccci_fsd(0): md_fsd Ver:v2.02, CCCI Ver:2
01-01 00:02:44.229   215   215 I cm      : _ _                                        
01-01 00:02:44.253   201   201 I wmt_loader: do kernel module init succeed: 0
01-01 00:02:44.254   201   201 I wmt_loader: chown wmt_tm fail:No such file or directory
01-01 00:02:44.254   201   201 I wmt_loader: get property(service.wcn.driver.ready) failed iRet:0 or property is 
01-01 00:02:44.258   216   216 I cm      : | (_)_ __   ___  __ _  __ _  ___  ___  ___  
01-01 00:02:44.264   201   201 I wmt_loader: set property(service.wcn.driver.ready) to yes succeed
01-01 00:02:44.287   206   206 E ccci_mdinit(0): md_init ver:1.20
01-01 00:02:44.287   206   206 D ccci_mdinit(2): set md status:mtk.md2.status=init 
01-01 00:02:44.292   206   206 E ccci_lib: open sys file fail(2)
01-01 00:02:44.292   206   206 E ccci_mdinit(0): [ft_evdo_dt_support]:0
01-01 00:02:44.292   206   206 E ccci_lib: open sys file fail(2)
01-01 00:02:44.292   206   206 E ccci_mdinit(0): [ft_lte_dc_support]:0
01-01 00:02:44.293   206   206 I ccci_mdinit(2): muxd_name,gsm0710muxdmd2, muxd_service_status,init.svc.gsm0710muxdmd2
01-01 00:02:44.293   206   206 I ccci_mdinit(2): rild_name,ril-daemon-mtkmd2 rild_service_status,init.svc.ril-daemon-mtkmd2
01-01 00:02:44.293   206   206 I ccci_mdinit(2): mdlogger_name,dualmdlogger mdlogger_service_status,init.svc.dualmdlogger
01-01 00:02:44.293   206   206 I ccci_mdinit(2): fsd_name,ccci2_fsd fsd_service_status,init.svc.ccci2_fsd
01-01 00:02:44.293   206   206 I ccci_mdinit(2): md2 img_max_cnt=7
01-01 00:02:44.293   206   206 D ccci_mdinit(2): ro.crypto.state=unencrypted
01-01 00:02:44.293   206   206 D ccci_mdinit(2): waiting nvram ready! 0
01-01 00:02:44.295   205   205 E ccci_mdinit(0): md_init ver:1.20
01-01 00:02:44.295   205   205 D ccci_mdinit(1): set md status:mtk.md1.status=init 
01-01 00:02:44.297   205   205 E ccci_lib: open sys file fail(2)
01-01 00:02:44.297   205   205 E ccci_mdinit(0): [ft_evdo_dt_support]:0
01-01 00:02:44.297   205   205 E ccci_lib: open sys file fail(2)
01-01 00:02:44.297   205   205 E ccci_mdinit(0): [ft_lte_dc_support]:0
01-01 00:02:44.298   205   205 I ccci_mdinit(1): muxd_name,gsm0710muxd, muxd_service_status,init.svc.gsm0710muxd
01-01 00:02:44.298   205   205 I ccci_mdinit(1): rild_name,ril-daemon-mtk rild_service_status,init.svc.ril-daemon-mtk
01-01 00:02:44.298   205   205 I ccci_mdinit(1): mdlogger_name,mdlogger mdlogger_service_status,init.svc.mdlogger
01-01 00:02:44.298   205   205 I ccci_mdinit(1): fsd_name,ccci_fsd fsd_service_status,init.svc.ccci_fsd
01-01 00:02:44.298   205   205 I ccci_mdinit(1): md1 img_max_cnt=7
01-01 00:02:44.298   205   205 D ccci_mdinit(1): ro.crypto.state=unencrypted
01-01 00:02:44.298   205   205 D ccci_mdinit(1): waiting nvram ready! 0
01-01 00:02:44.305   219   219 I cm      : | | | '_ \ / _ \/ _` |/ _` |/ _ \/ _ \/ __| 
01-01 00:02:44.308   200   200 D BootLogoUpdater: [boot_logo_updater main 185]boot_logo_updater,
01-01 00:02:44.308   200   200 D BootLogoUpdater: [boot_logo_updater]boot_mode = 0
01-01 00:02:44.308   200   200 E BootLogoUpdater: [boot_logo_updater]boot package = 0
01-01 00:02:44.308   200   200 E BootLogoUpdater: [boot_logo_updater]update boot reason = 0, ret = 2
01-01 00:02:44.347   199   199 I SurfaceFlinger: SurfaceFlinger is starting
01-01 00:02:44.352   199   199 I SurfaceFlinger: SurfaceFlinger's main thread ready to run. Initializing graphics H/W...
01-01 00:02:44.369   224   224 I cm      : | | | | | |  __/ (_| | (_| |  __/ (_) \__ \ 
01-01 00:02:44.385   222   222 I DEBUG   : debuggerd: starting
01-01 00:02:44.454   202   202 I 6620_launcher: get property(service.wcn.driver.ready) is yes
01-01 00:02:44.455   202   202 E 6620_launcher: open device node succeed.(Node:/dev/stpwmt, fd:5) 
01-01 00:02:44.455   202   202 I 6620_launcher: key:(persist.mtk.wcn.combo.chipid)-value:(0x6580),chipId:0x6580
01-01 00:02:44.455   202   202 I 6620_launcher: chip id is 0x6580
01-01 00:02:44.455   202   202 I 6620_launcher: chiId:0x6580, setting to property(persist.mtk.wcn.combo.chipid)
01-01 00:02:44.460   247   247 I init    : type=1400 audit(0.0:23): avc: denied { execute_no_trans } for path="/system/bin/nvram_backup_binder" dev="mmcblk0p18" ino=24139 scontext=u:r:init:s0 tcontext=u:object_r:system_file:s0 tclass=file permissive=1
01-01 00:02:44.465   227   227 I installd: installd firing up
01-01 00:02:44.482   238   238 I cm      : |_|_|_| |_|\___|\__,_|\__, |\___|\___/|___/ 
01-01 00:02:44.496   199   199 D libEGL  : loaded /system/lib/egl/libGLES_mali.so
01-01 00:02:44.501   230   230 I MobileLogD/main: =====MOBILELOG START=======
01-01 00:02:44.547   250   250 F libc    : page record for 0xb6f9d01c was not found (block_size=16)
01-01 00:02:44.559   200   200 D BootLogoUpdater: [boot_logo_updater]schedule on
01-01 00:02:44.559   200   200 D libshowlogo: [libshowlogo: set_draw_mode 171]0 --use framebuffer, 1--use surface flinger ,draw_anim_mode =  :1
01-01 00:02:44.559   200   200 D libshowlogo: [libshowlogo: anim_init 238]
01-01 00:02:44.608   242   242 D wifi2agps: add no timeout event, sock=4
01-01 00:02:44.620   260   260 I init    : type=1400 audit(0.0:24): avc: denied { execute_no_trans } for path="/system/xbin/su" dev="mmcblk0p18" ino=112041 scontext=u:r:init:s0 tcontext=u:object_r:su_exec:s0 tclass=file permissive=1
01-01 00:02:44.629   221   221 I Netd    : Netd 1.0 starting
01-01 00:02:44.630   221   221 I QtiConnectivityAdapter: Failed to open libconnctrl, some features may not be present.
01-01 00:02:44.630   221   221 D TetherController: Setting IP forward enable = 0
01-01 00:02:44.646   244   244 D MsensorDaemon: Msensor deamon statr!!!!!!!!!!!!
01-01 00:02:44.646   244   244 D MsensorDaemon: Msensor deamon statr : /sys/bus/platform/drivers/msensor/daemon don't exist
01-01 00:02:44.649   232   232 D Netdiag : setgid SHELL successfully!
01-01 00:02:44.649   232   232 D Netdiag : setuid SHELL successfully!
01-01 00:02:44.649   232   232 E Netdiag : network_dignose_daemon doing
01-01 00:02:44.649   232   232 E Netdiag : commandlistening sockname=netdiag
01-01 00:02:44.649   232   232 E Netdiag : commandlistening::startlistening() ret:0,sock_listen_id:5
01-01 00:02:44.664   249   249 I cm      :                       |___/ 
01-01 00:02:44.675   228   228 I keystore: Found keymaster0 module Keymaster OpenSSL HAL, version 2
01-01 00:02:44.675   228   228 I SoftKeymaster: system/keymaster/soft_keymaster_device.cpp, Line 122: Creating device
01-01 00:02:44.676   228   228 D SoftKeymaster: system/keymaster/soft_keymaster_device.cpp, Line 123: Device address: 0xb6b24000
01-01 00:02:44.676   228   228 I keystore: Keymaster0 module is software-only.  Using SoftKeymasterDevice instead.
01-01 00:02:44.676   228   228 I SoftKeymaster: system/keymaster/soft_keymaster_device.cpp, Line 122: Creating device
01-01 00:02:44.676   228   228 D SoftKeymaster: system/keymaster/soft_keymaster_device.cpp, Line 123: Device address: 0xb6b24180
01-01 00:02:44.677   232   261 E Netdiag : commandlistening threadStart doing
01-01 00:02:44.677   232   261 E Netdiag : commandlistening runListener doing
01-01 00:02:44.677   232   261 D Netdiag : Set net log running flag to 0 at the very beginning
01-01 00:02:44.684   199   199 I [MALI][Gralloc]: dlopen libsec_mem.so fail
01-01 00:02:44.685   199   199 I gralloc : [Gralloc] refreshRate = 0, info.pixclock = ffffffff
01-01 00:02:44.685   199   199 I gralloc : [Gralloc] info.upper_margin = ffffffff, info.lower_margin = ffffffff
01-01 00:02:44.685   199   199 I gralloc : [Gralloc] info.yres = 356, info.hsync_len = ffffffff
01-01 00:02:44.685   199   199 I gralloc : [Gralloc] info.left_margin = ffffffff, info.right_margin = ffffffff
01-01 00:02:44.685   199   199 I [MALI][Gralloc]: ro_dpi: 220.000000
01-01 00:02:44.685   199   199 I [MALI][Gralloc]: using (fd=15)
01-01 00:02:44.685   199   199 I [MALI][Gralloc]: id           = mtkfb
01-01 00:02:44.685   199   199 I [MALI][Gralloc]: xres         = 480 px
01-01 00:02:44.685   199   199 I [MALI][Gralloc]: yres         = 854 px
01-01 00:02:44.685   199   199 I [MALI][Gralloc]: xres_virtual = 480 px
01-01 00:02:44.685   199   199 I [MALI][Gralloc]: yres_virtual = 2562 px
01-01 00:02:44.685   199   199 I [MALI][Gralloc]: bpp          = 32
01-01 00:02:44.685   199   199 I [MALI][Gralloc]: r            = 16:8
01-01 00:02:44.685   199   199 I [MALI][Gralloc]: g            =  8:8
01-01 00:02:44.685   199   199 I [MALI][Gralloc]: b            =  0:8
01-01 00:02:44.686   199   199 I [MALI][Gralloc]: width        = 55 mm (221.672729 dpi)
01-01 00:02:44.686   199   199 I [MALI][Gralloc]: height       = 99 mm (219.107071 dpi)
01-01 00:02:44.686   199   199 I [MALI][Gralloc]: refresh rate = 60.00 Hz
01-01 00:02:44.686   199   199 I [MALI][Gralloc]: init_framebuffer va: 0xb5ad7000 mva: 0xbfa00000
01-01 00:02:44.700   245   245 I memsicp : type=1400 audit(0.0:25): avc: denied { write } for name="gsensor" dev="tmpfs" ino=3625 scontext=u:r:init:s0 tcontext=u:object_r:gsensor_device:s0 tclass=chr_file permissive=1
01-01 00:02:44.703   253   253 E MTK_FG  : open fd failed
01-01 00:02:44.706   202   202 I 6620_launcher: set property(persist.mtk.wcn.combo.chipid) to 0x6580 succeed.
01-01 00:02:44.706   202   202 I 6620_launcher: chipIdProp:key(persist.mtk.wcn.combo.chipid)value(0x6580)
01-01 00:02:44.706   202   202 I 6620_launcher: chiId:0x6580
01-01 00:02:44.706   202   202 I 6620_launcher: run SOC chip flow
01-01 00:02:44.706   202   202 I 6620_launcher: key:(ro.build.type)-value:(userdebug)
01-01 00:02:44.706   202   202 I 6620_launcher: get coredump_mode property(service.wcn.coredump.mode) failed
01-01 00:02:44.706   202   202 I 6620_launcher: Connectivity coredump is disabled!
01-01 00:02:44.707   202   202 I 6620_launcher: create pwr on thread ok
01-01 00:02:44.714   202   269 I 6620_launcher: enter power on connsys flow
01-01 00:02:44.721   248   248 I thermal_manager: thermal_manager Service started!, argc 1
01-01 00:02:44.721   248   248 I thermal_manager: thermal_manager Service started!, argv[0] /system/bin/thermal_manager
01-01 00:02:44.722   251   251 I thermald: START+++++++++ 251
01-01 00:02:44.722   251   251 I thermald: Success to write 251 to /proc/driver/thermal/clsd_pid
01-01 00:02:44.730   245   245 I memsicp : type=1400 audit(0.0:26): avc: denied { ioctl } for path="/dev/gsensor" dev="tmpfs" ino=3625 ioctlcmd=8502 scontext=u:r:init:s0 tcontext=u:object_r:gsensor_device:s0 tclass=chr_file permissive=1
01-01 00:02:44.740   247   247 I nvram_backup_bi: type=1400 audit(0.0:27): avc: denied { call } for scontext=u:r:init:s0 tcontext=u:r:servicemanager:s0 tclass=binder permissive=1
01-01 00:02:44.740   247   247 I nvram_backup_bi: type=1400 audit(0.0:28): avc: denied { transfer } for scontext=u:r:init:s0 tcontext=u:r:servicemanager:s0 tclass=binder permissive=1
01-01 00:02:44.740   198   198 I servicemanager: type=1400 audit(0.0:29): avc: denied { search } for name="247" dev="proc" ino=279 scontext=u:r:servicemanager:s0 tcontext=u:r:init:s0 tclass=dir permissive=1
01-01 00:02:44.740   198   198 I servicemanager: type=1400 audit(0.0:30): avc: denied { read } for name="current" dev="proc" ino=323 scontext=u:r:servicemanager:s0 tcontext=u:r:init:s0 tclass=file permissive=1
01-01 00:02:44.740   198   198 I servicemanager: type=1400 audit(0.0:31): avc: denied { open } for path="/proc/247/attr/current" dev="proc" ino=323 scontext=u:r:servicemanager:s0 tcontext=u:r:init:s0 tclass=file permissive=1
01-01 00:02:44.740   198   198 I servicemanager: type=1400 audit(0.0:32): avc: denied { getattr } for scontext=u:r:servicemanager:s0 tcontext=u:r:init:s0 tclass=process permissive=1
01-01 00:02:44.741   245   245 E         : memsic current sensor is not mxc400x
01-01 00:02:44.743   237   237 I PPL/PPLAgent: PPLAgent created
01-01 00:02:44.750   248   248 I thermal_manager: type=1400 audit(0.0:33): avc: denied { write } for name=".settings" dev="mmcblk0p20" ino=212995 scontext=u:r:thermal_manager:s0 tcontext=u:object_r:system_data_file:s0 tclass=file permissive=1
01-01 00:02:44.750   248   248 I thermal_manager: type=1400 audit(0.0:34): avc: denied { open } for path="/data/.tp/.settings" dev="mmcblk0p20" ino=212995 scontext=u:r:thermal_manager:s0 tcontext=u:object_r:system_data_file:s0 tclass=file permissive=1
01-01 00:02:44.754   198   198 E SELinux : avc:  denied  { add } for service=NvRAMBackupAgent scontext=u:r:init:s0 tcontext=u:object_r:default_android_service:s0 tclass=service_manager
01-01 00:02:44.755   248   248 I thermal_manager: thermal_manager dlopen
01-01 00:02:44.755   248   248 I thermal_manager: loadmtc  etc .tp thermal.conf 
01-01 00:02:44.755   248   248 I libMtcLoader: mtcloader started!
01-01 00:02:44.755   251   251 I thermald: Enter infinite loop
01-01 00:02:44.770   248   248 I thermal_manager: type=1400 audit(0.0:35): avc: denied { lock } for path="/data/.tp/.settings" dev="mmcblk0p20" ino=212995 scontext=u:r:thermal_manager:s0 tcontext=u:object_r:system_data_file:s0 tclass=file permissive=1
01-01 00:02:44.776   248   248 E libMtcLoader: mtcloader open pass
01-01 00:02:44.788   243   243 E MNLD    : main: MNLD started
01-01 00:02:44.788   243   243 D MNLD    : main: Normal mode
01-01 00:02:44.794   240   278 D slp     : [slp] WARNING: [hdr] sclp_init version=1.1
01-01 00:02:44.794   240   278 D slp     : [slp] WARNING: [hdr] load_setting_from_file() path=[/etc/slp_conf] does not exist
01-01 00:02:44.800   235   235 I pq      : type=1400 audit(0.0:36): avc: denied { call } for scontext=u:r:pq:s0 tcontext=u:r:servicemanager:s0 tclass=binder permissive=1
01-01 00:02:44.800   202   202 I 6620_launcher: patch name pre-fix:ROMv2_lm_patch
01-01 00:02:44.800   202   202 I 6620_launcher: fwVersion:0x8b00
01-01 00:02:44.800   202   202 I 6620_launcher: /system/etc/firmware//ROMv2_lm_patch_1_0_hdr.bin
01-01 00:02:44.804   237   237 I PPL/PPLAgent: Registered to Service Manager.
01-01 00:02:44.804   237   237 I PPL/PPLAgent: PPLAgent Service is now ready
01-01 00:02:44.806   202   202 I 6620_launcher: fw Ver in patch: 0x8a00
01-01 00:02:44.806   202   202 I 6620_launcher: read patch info:0x22,0x00,0x06,0x00
01-01 00:02:44.806   202   202 I 6620_launcher: gpatchnum = [2]
01-01 00:02:44.806   202   202 I 6620_launcher: gdwonseq = [2]
01-01 00:02:44.806   202   202 I 6620_launcher: /system/etc/firmware//ROMv2_lm_patch_1_1_hdr.bin
01-01 00:02:44.806   253   253 E MTK_FG  : open fd failed, error = Permission denied
01-01 00:02:44.806   253   253 W MTK_FG  : fd < 0, init first!
01-01 00:02:44.806   253   253 E MTK_FG  : open fd failed, error = Permission denied
01-01 00:02:44.806   253   253 E MTK_FG  : init failed, return!
01-01 00:02:44.806   253   253 W MTK_FG  : fd < 0, init first!
01-01 00:02:44.807   253   253 E MTK_FG  : open fd failed, error = Permission denied
01-01 00:02:44.807   253   253 E MTK_FG  : init failed, return!
01-01 00:02:44.810   235   235 I pq      : type=1400 audit(0.0:37): avc: denied { transfer } for scontext=u:r:pq:s0 tcontext=u:r:servicemanager:s0 tclass=binder permissive=1
01-01 00:02:44.810   198   198 I servicemanager: type=1400 audit(0.0:38): avc: denied { search } for name="235" dev="proc" ino=3956 scontext=u:r:servicemanager:s0 tcontext=u:r:pq:s0 tclass=dir permissive=1
01-01 00:02:44.810   198   198 I servicemanager: type=1400 audit(0.0:39): avc: denied { read } for name="current" dev="proc" ino=365 scontext=u:r:servicemanager:s0 tcontext=u:r:pq:s0 tclass=file permissive=1
01-01 00:02:44.810   198   198 I servicemanager: type=1400 audit(0.0:40): avc: denied { open } for path="/proc/235/attr/current" dev="proc" ino=365 scontext=u:r:servicemanager:s0 tcontext=u:r:pq:s0 tclass=file permissive=1
01-01 00:02:44.810   198   198 I servicemanager: type=1400 audit(0.0:41): avc: denied { getattr } for scontext=u:r:servicemanager:s0 tcontext=u:r:pq:s0 tclass=process permissive=1
01-01 00:02:44.811   235   235 D PQ      : PQ service start...
01-01 00:02:44.819   235   235 D PQ      : [PQ_SERIVCE] PQService constructor
01-01 00:02:44.820   235   235 D PQ      : [PQ_SERIVCE] PQService : onFirstRef
01-01 00:02:44.821   198   198 E SELinux : avc:  denied  { add } for service=PQ scontext=u:r:pq:s0 tcontext=u:object_r:default_android_service:s0 tclass=service_manager
01-01 00:02:44.834   235   295 D PQ      : [PQ_SERIVCE] PQService is ready to run.
01-01 00:02:44.835   235   295 D PQ      : Gamma index: 7/15
01-01 00:02:44.836   235   295 D PQ      : [PQ_SERIVCE] DISP PQ init start...
01-01 00:02:44.836   235   295 D PQ      : [PQ_SERIVCE] DISP_IOCTL_SET_PQPARAM 0...
01-01 00:02:44.837   235   295 D PQ      : [PQ_SERIVCE] DISP_IOCTL_SET_PQ_GAL_PARAM 0...
01-01 00:02:44.840   264   264 I fdpp    : type=1400 audit(0.0:42): avc: denied { write } for name="kmsg" dev="tmpfs" ino=3543 scontext=u:r:init:s0 tcontext=u:object_r:kmsg_device:s0 tclass=chr_file permissive=1
01-01 00:02:44.850   198   198 I servicemanager: type=1400 audit(0.0:43): avc: denied { search } for name="264" dev="proc" ino=7012 scontext=u:r:servicemanager:s0 tcontext=u:r:init:s0 tclass=dir permissive=1
01-01 00:02:44.850   198   198 I servicemanager: type=1400 audit(0.0:44): avc: denied { read } for name="current" dev="proc" ino=423 scontext=u:r:servicemanager:s0 tcontext=u:r:init:s0 tclass=file permissive=1
01-01 00:02:44.850   198   198 I servicemanager: type=1400 audit(0.0:45): avc: denied { open } for path="/proc/264/attr/current" dev="proc" ino=423 scontext=u:r:servicemanager:s0 tcontext=u:r:init:s0 tclass=file permissive=1
01-01 00:02:44.850   198   198 I servicemanager: type=1400 audit(0.0:46): avc: denied { getattr } for scontext=u:r:servicemanager:s0 tcontext=u:r:init:s0 tclass=process permissive=1
01-01 00:02:44.857   236   236 E DmAgent : Create RECOVERY_FOLDER error: [17]
01-01 00:02:44.858   236   236 I DmAgent : DmAgent created
01-01 00:02:44.860   255   255 D BnMtkCodec: MtkCodec Service initiate
01-01 00:02:44.860   255   255 D BnMtkCodec: Ctor
01-01 00:02:44.862   255   255 D         : mtkcodecservice re-adjust caps is not in root user
01-01 00:02:44.867   246   246 D NVRAM   : NvRAMAgent created
01-01 00:02:44.868   236   236 I DmAgent : [DmAgent]register OK.
01-01 00:02:44.873   246   246 E NVRAM   : Haman, serviceManager work well
01-01 00:02:44.873   246   246 D NVRAM   : NvRAMAgent Service is now ready
01-01 00:02:44.878   240   278 E slp     : [slp] ERR: [socket] socket_udp_sendto() sendto() failed path=[mtk_slp_callback_socket_0] ret=-1 reason=[Connection refused]111, send_slp_reboot:382
01-01 00:02:44.878   240   278 E slp     : [slp] ERR: [socket] socket_udp_sendto() sendto() failed path=[mtk_slp_callback_socket_1] ret=-1 reason=[Connection refused]111, send_slp_reboot:382
01-01 00:02:44.878   202   202 I 6620_launcher: fw Ver in patch: 0x8a00
01-01 00:02:44.878   202   202 I 6620_launcher: read patch info:0x21,0x00,0x0e,0xf0
01-01 00:02:44.879   202   202 I 6620_launcher: gdwonseq = [1]
01-01 00:02:44.879   202   202 I 6620_launcher: cmd(srh_patch) resp(ok)
01-01 00:02:44.880   243   243 D MNLD    : setup_socket_mtklogger: socket_fd = 8
01-01 00:02:44.881   243   243 D MNLD    : main: mtklogger2mnld_fd created success
01-01 00:02:44.882   243   243 D MNLD    : mnl_write_attr: write '0' to /sys/class/gpsdrv/gps/pwrctl okay
01-01 00:02:44.883   240   278 D slp     : [slp] WARNING: [main] slp_reboot() recv
01-01 00:02:44.884   243   243 D MNLD    : mnl_write_attr: write '0' to /sys/class/gpsdrv/gps/suspend okay
01-01 00:02:44.885   243   243 D MNLD    : mnl_write_attr: write '0' to /sys/class/gpsdrv/gps/state okay
01-01 00:02:44.885   243   243 D MNLD    : mnl_write_attr: write '1' to /sys/class/gpsdrv/gps/pwrsave okay
01-01 00:02:44.885   243   243 D mnl_linux: read_prop: read_prop: open /data/misc/gps/mnl.prop fail!
01-01 00:02:44.885   243   243 D mnl_linux: read_prop: read_prop: open /sbin/mnl.prop fail!
01-01 00:02:44.886   243   243 E mnl_linux: mnl_utl_load_property: Config is not set yet, ignore
01-01 00:02:44.886   243   243 D mnl_linux: mnl_utl_load_property: ========================================
01-01 00:02:44.886   243   243 D mnl_linux: mnl_utl_load_property: [setting] load default value
01-01 00:02:44.886   243   243 D mnl_linux: mnl_utl_load_property: dev_dsp/dev_gps :  
01-01 00:02:44.886   243   243 D mnl_linux: mnl_utl_load_property: init_speed/link_speed: 0 0
01-01 00:02:44.886   243   243 D mnl_linux: mnl_utl_load_property: pmtk_conn/socket_port/dev_dbg : 0 0 
01-01 00:02:44.886   243   243 D mnl_linux: mnl_utl_load_property: debug_nmea/debug_mnl: 0 0x0000
01-01 00:02:44.886   243   243 D mnl_linux: mnl_utl_load_property: nmea2file/dbg2file: 0/0
01-01 00:02:44.886   243   243 D mnl_linux: mnl_utl_load_property: time-out: 15 5 3 10 0 0
01-01 00:02:44.886   243   243 D mnl_linux: mnl_utl_load_property: EPO_Enabled: 0
01-01 00:02:44.886   243   243 D mnl_linux: mnl_utl_load_property: BEE_Enabled: 0
01-01 00:02:44.886   243   243 D mnl_linux: mnl_utl_load_property: SUPL_Enabled: 0
01-01 00:02:44.886   243   243 D mnl_linux: mnl_utl_load_property: SUPLSI_Enabled: 0
01-01 00:02:44.886   243   243 D mnl_linux: mnl_utl_load_property: EPO_priority: 0
01-01 00:02:44.886   243   243 D mnl_linux: mnl_utl_load_property: BEE_priority: 0
01-01 00:02:44.886   243   243 D mnl_linux: mnl_utl_load_property: SUPL_priority: 0
01-01 00:02:44.886   243   243 D mnl_linux: mnl_utl_load_property: AVAILIABLE_AGE: 0
01-01 00:02:44.886   243   243 D mnl_linux: mnl_utl_load_property: RTC_DRIFT: 0
01-01 00:02:44.886   243   243 D mnl_linux: mnl_utl_load_property: TIME_INTERVAL: 0
01-01 00:02:44.886   243   243 D mnl_linux: mnl_utl_load_property: ========================================
01-01 00:02:44.887   243   243 D MNLD    : main: listening..
01-01 00:02:44.887   243   243 D MNLD    : chip_detector: combo_chip_id is 0x6580
01-01 00:02:44.887   243   243 D mnl_linux: mtk_gps_sys_init: Start to read nvram
01-01 00:02:44.887   243   243 D mnl_linux: mtk_gps_sys_init: nvram_init_val not Ready,sleep 500ms
01-01 00:02:44.900   248   248 I thermal_manager: type=1400 audit(0.0:47): avc: denied { setattr } for name=".settings" dev="mmcblk0p20" ino=212995 scontext=u:r:thermal_manager:s0 tcontext=u:object_r:system_data_file:s0 tclass=file permissive=1
01-01 00:02:44.905   248   248 I thermal_manager: [backward-compatiable] default thermal policy
01-01 00:02:44.916   339   339 I cm      : Welcome to Android 6.0.1 / LineageOS-13.0-20170425-UNOFFICIAL-x5 
01-01 00:02:44.928   232   261 D Netdiag : Add listener on socket server whose id=5
01-01 00:02:44.928   232   261 E Netdiag : commandlistening unlock exit
01-01 00:02:44.943   239   239 E agps    : [agps] ERR: [MAIN] mtk_agpsd is running ver=4.55.0
01-01 00:02:44.944   239   239 E agps    : [agps] ERR: [MAIN] mtk_agpsd is for Android
01-01 00:02:44.944   239   239 D agps    : [agps] WARNING: [MAIN] mkdir failure for [/data/agps_supl/log] reason=[File exists]
01-01 00:02:44.949   239   239 D MtkAgpsNative: SuplRawLog.bEnable:0
01-01 00:02:44.949   239   239 D MtkAgpsNative: SuplRawLog.szPath:/sdcard
01-01 00:02:44.949   239   239 D MtkAgpsNative: SuplRawLog.szFile:agps_raw.log
01-01 00:02:44.949   239   239 D MtkAgpsNative: SuplSslLog.bEnable:0
01-01 00:02:44.950   239   239 D MtkAgpsNative: SuplSslLog.szPath:/sdcard
01-01 00:02:44.950   239   239 D MtkAgpsNative: SuplSslLog.szFile:agps_ssl.log
01-01 00:02:44.950   239   239 I MtkAgpsNative: [CDMA mgr] cdma_mgr_dlopen_firmware 
01-01 00:02:44.950   239   239 E MtkAgpsNative: [CDMA mgr] VIAMTKDBG Could not open /system/lib/libviagpsrpc.so, error: dlopen failed: library "/system/lib/libviagpsrpc.so" not found
01-01 00:02:44.950   239   239 D agps    : [agps] WARNING: [MAIN] cdma_mgr_dlopen_firmware failed
01-01 00:02:44.958   239   342 I MtkAgpsNative: Enter mtk_agps_up_init
01-01 00:02:44.958   239   342 D MtkAgpsNative: FS_CreateDir: /data/agps_supl
01-01 00:02:44.958   239   342 W MtkAgpsNative:   -> errno(EEXIST) => dir already exists
01-01 00:02:44.958   239   342 D MtkAgpsNative: mtk_agps_debug_init()
01-01 00:02:44.958   239   342 D MtkAgpsNative: Enter supl_os_timer_init
01-01 00:02:44.961   239   342 D MtkAgpsNative: rrlp_mod_init(): Init rrlp_ptr_g
01-01 00:02:44.961   239   342 I MtkAgpsNative: [????] kal_create_mutex: name(tls_global) 
01-01 00:02:44.961   239   342 D MtkAgpsNative: [????] -> idx(0) tbl_mtx_name()  name(tls_global) 
01-01 00:02:44.961   239   342 D MtkAgpsNative: [????]   -> empty slot found (0)
01-01 00:02:44.961   239   342 D MtkAgpsNative: [????]   -> kal_create_mutex: idx(0) name(tls_global) 
01-01 00:02:44.969   199   199 E GED     : Failed to get GED Log Buf, err(0)
01-01 00:02:44.984   239   359 D agps    : [agps][n][task] lpp  is running
01-01 00:02:44.988   239   359 D agps    : [agps][n][task] lpp  before poll...
01-01 00:02:44.994   239   358 D agps    : [agps][n][task] rrlp  is running
01-01 00:02:44.995   239   358 D agps    : [agps][n][task] rrlp  before poll...
01-01 00:02:44.998   239   342 D agps    : [agps] WARNING: [CP] get_ccci_uart  [/dev/ttyC2] success
01-01 00:02:44.998   239   342 D agps    : [agps][n][CP] ccci_uart_1  open success
01-01 00:02:44.998   239   342 D agps    : [agps][n][CP] [MD_1] write  sim_info_req
01-01 00:02:44.998   239   342 E agps    : [agps] ERR: [Utility] safe_write reason=[No such device]19
01-01 00:02:44.998   239   342 E agps    : [agps] ERR: [CP] get_ccci_uart  open failed node=[/dev/ccci2_tty2] reason=[No such file or directory]
01-01 00:02:44.998   239   342 E agps    : [agps] ERR: [CP] ccci_uart_2  open failed
01-01 00:02:45.000   239   342 D agps    : [agps][n][AGPS] [MNL] write  agps_reboot
01-01 00:02:45.002   239   342 D agps    : [agps][n][AGPS] xml file load from [/etc/agps_profiles_conf2.xml]
01-01 00:02:45.012   200   200 D libshowlogo: [libshowlogo: anim_logo_init 364]show_animationm_ver =  :0
01-01 00:02:45.012   200   200 D libshowlogo: [libshowlogo: anim_fb_init 397]
01-01 00:02:45.012   200   200 D libshowlogo: [libshowlogo: anim_fb_init 421]vinfo:xres  = 480, yres = 854, xres_virtual =480, bits_per_pixel = 32,red.offset = 16,blue.offset = 0
01-01 00:02:45.013   200   200 D libshowlogo: [libshowlogo: anim_fb_init 424]fb_size =1639680, fb_addr = -1245908992,charging_fb_addr=-1244269312
01-01 00:02:45.013   200   200 D libshowlogo: [libshowlogo: anim_fb_init 450]MTK_LCM_PHYSICAL_ROTATION = 0
01-01 00:02:45.013   200   200 D libshowlogo: [libshowlogo]phical_screen: width= 480,height= 854,bits_per_pixel =32,needAllign = 1,allignWidth=480 rotation =0 ,need180Adjust = 1
01-01 00:02:45.013   200   200 D libshowlogo: [libshowlogo: anim_fb_init 467]show old animtion= 1, running show_animationm_ver 0
01-01 00:02:45.013   200   200 D libshowlogo: [libshowlogo: anim_fb_init 468]draw_anim_mode = 1, running mode 1
01-01 00:02:45.013   200   200 D libshowlogo: [libshowlogo: show_kernel_logo 660]show kernel logo, index = 38 
01-01 00:02:45.013   200   200 D libshowlogo: [libshowlogo: anim_show_logo 616]draw_anim_mode=1, show  index =  38
01-01 00:02:45.013   200   200 D libshowlogo: [show_animation_common: check_logo_index_valid 75]logonum =39, index =38
01-01 00:02:45.013   200   200 D libshowlogo: show_animation_common, pinfo[1]=582833, pinfo[1] - pinfo[2+index] =14074 
01-01 00:02:45.013   200   200 D libshowlogo: show_animation_common, logo_addr=0xb6240000 , in_addr=0xb62cadb7,  logolen=14074
01-01 00:02:45.013   200   200 D libshowlogo: [decompress_logo decompress_logo 48]in=0xb62cadb7, out=0xb6080000, inlen=14074, logolen=1639680
01-01 00:02:45.028   272   272 I perfprofd: starting Android Wide Profiling daemon
01-01 00:02:45.029   239   342 D agps    : [agps] WARNING: [Default]  =================== dump_agps_mgr_agps_config ===================
01-01 00:02:45.029   239   342 D agps    : [agps][n][Default] cur_supl_profile  name=[GOOGLE] addr=[supl.google.com] port=[7275] tls=[1] mcc=[] mcc_mnc=[] is_auto_config=[0] supl_version=[1] tls_version=[0] sha_version=[0] app_id=[] provider_id=[] default_apn=[] option_apn=[] optional_apn_2=[] addr_type=[]
01-01 00:02:45.029   239   342 D agps    : [agps][n][Default] cdma_profile  name=[CDMA1] mcp_enable=[0] mcp_addr=[10.199.2.165] mcp_port=[6066] pde_addr_valid=[0] pde_ip_type=[0] pde_addr=[11.11.11.11] pde_port=[1111] pde_url_valid=[0] pde_url_addr=[www.mediatek.com]
01-01 00:02:45.029   239   342 D agps    : [agps][n][Default] agps_setting  agps_enable=[1] agps_protocol=[0] gpevt=[0]
01-01 00:02:45.029   239   342 D agps    : [agps][n][Default] cp_setting  molr_pos_method=[0] external_addr=[0][0123456789*#+] mlc_number=[0][0123456789*#+] cp_auto_reset=[0] epc_molr_lpp_payload_enable=[0] lpp_payload=[50]
01-01 00:02:45.029   239   342 D agps    : [agps][n][Utility] agps_dump_buf=lpp_payload  0xd2,0x00,0x00,0x10,0x23,0x7b,0x20,0x26,0x40,0x4f,0xb8,0x00,0x72,0x02,0xbf,0xff,0xff,0xff,0xf8,0x00,0x00,0x00,0x00,0x20,0xc0,0x00,0x01,0x00,0x94,0x0f,0xb9,0x00,
01-01 00:02:45.029   239   342 D agps    : [agps][n][Utility] agps_dump_buf=lpp_payload  0x12,0x02,0xb7,0xff,0xff,0xf8,0x00,0x00,0x00,0x00,0x00,0x61,0x80,0x00,0x02,0x01,0x8a,0x00,
01-01 00:02:45.030   256   256 I guiext-server: type=1400 audit(0.0:48): avc: denied { call } for scontext=u:r:guiext-server:s0 tcontext=u:r:servicemanager:s0 tclass=binder permissive=1
01-01 00:02:45.030   256   256 I guiext-server: type=1400 audit(0.0:49): avc: denied { transfer } for scontext=u:r:guiext-server:s0 tcontext=u:r:servicemanager:s0 tclass=binder permissive=1
01-01 00:02:45.030   239   342 D agps    : [agps][n][Default] up_setting  ca_enable=[0] ni_request=[1] roaming=[1] cdma_preferred=[0] pref_method=[1] supl_version=[1] tls_version=[0] sha_version=[0] supl_log=[0] msa=[1] msb=[1] ecid=[1] otdoa=[0] autonomous=[1] aflt=[0] hacc=[22] vacc=[0] loc_age=[0] delay=[0] udp_port_enable=[0] dedicated_apn_enable=[1] preferred_2g3g_cell_age=[300] lpp_enable=[1] cert_from_sdcard=[1] auto_profile_enable=[1] ut2=[11] ut3=[10] sync_to_slp=[0]
01-01 00:02:45.030   272   272 E perfprofd: unable to open configuration file /data/data/com.google.android.gms/files/perfprofd.conf
01-01 00:02:45.033   272   272 I perfprofd: random seed set to 3946038603
01-01 00:02:45.034   239   342 D agps    : [agps][n][EVDO] epoll fail, recvfd <= 0
01-01 00:02:45.034   239   342 D agps    : [agps][n][EVDO] epoll fail, hdrfd <= 0
01-01 00:02:45.040   256   256 I GuiExt  : GuiExt service start...
01-01 00:02:45.041   256   256 I GuiExt  : [GuiExtS] GuiExtService ctor
01-01 00:02:45.041   341   341 I sysinit : Running /system/etc/init.d/90userinit 
01-01 00:02:45.041   256   256 I GuiExt  : [GuiExtI] GuiExtPool ctor
01-01 00:02:45.045   200   200 D libshowlogo: [decompress_logo decompress_logo 101]have=1639680
01-01 00:02:45.045   200   200 D libshowlogo: [show_animation_common: fill_animation_logo 115]raw_data_size = 1639680
01-01 00:02:45.045   200   200 D libshowlogo: [show_animation_common: fill_animation_logo 132]bits = 32
01-01 00:02:45.045   200   200 D libshowlogo: [show_logo_common: fill_rect_with_content 406]
01-01 00:02:45.045   200   200 D libshowlogo: [show_logo_common: fill_rect_with_content_by_32bit_argb8888 107]
01-01 00:02:45.046   200   200 D libshowlogo: [show_logo_common]dst_addr= 0xff000000, color_addr= 0xff000000, i= 0, j=0
01-01 00:02:45.046   200   200 D libshowlogo: [show_logo_common]dst_addr= 0xff000000, color_addr= 0xff000000, i= 0, j=479
01-01 00:02:45.058   223   223 I MFI-Conn: @@@@@@@@@@ main_entity_init() is running @@@@@@@@@@
01-01 00:02:45.058   223   223 D MFI-Conn: main_entity_init(): Chiptest Enables = "NaN"
01-01 00:02:45.072   271   271 I gatekeeperd: Starting gatekeeperd...
01-01 00:02:45.075   271   271 W gatekeeperd: falling back to software GateKeeper
01-01 00:02:45.095   235   295 D PQ      : [PQ_SERIVCE] DISP_IOCTL_SET_PQ_CAM_PARAM 0...
01-01 00:02:45.096   235   295 D PQ      : [PQ_SERIVCE] DISP_IOCTL_SET_TDSHPINDEX 0...
01-01 00:02:45.105   200   200 D libshowlogo: [show_logo_common]dst_addr= 0xff000000, color_addr= 0xff000000, i= 853, j=0
01-01 00:02:45.105   200   200 D libshowlogo: [show_logo_common]dst_addr= 0xff000000, color_addr= 0xff000000, i= 853, j=479
01-01 00:02:45.105   200   200 D libshowlogo: [libshowlogo: anim_fb_disp_update 507]
01-01 00:02:45.111   230   230 I MobileLogD/bootmode: boot mode is 0
01-01 00:02:45.119   236   236 D DmAgent : DmAgent Service is now ready
01-01 00:02:45.125   230   230 E MobileLogD/bootmode: no start logging
01-01 00:02:45.127   200   200 D libshowlogo: [libshowlogo: anim_deinit 270]
01-01 00:02:45.127   200   200 D libshowlogo: [libshowlogo: anim_logo_deinit 382]
01-01 00:02:45.130   200   200 D libshowlogo: [libshowlogo: anim_fb_deinit 479]
01-01 00:02:45.149   223   379 I MFI-Conn: posix_thrd_exec_hdl(): A thrd with TID = 379 is going to be created!!
01-01 00:02:45.149   223   223 I MFI-Conn: posix_thrd_init(): The thrd with TID = 379 has been created!!
01-01 00:02:45.149   223   223 I MFI-Conn: ########## main_entity_init() has finished @@@@@@@@@@
01-01 00:02:45.149   223   223 I MFI-Conn: mal_mfia_start(): the main entity has been initialized!!
01-01 00:02:45.156   223   385 I MFI-Conn: posix_thrd_exec_hdl(): A thrd with TID = 385 is going to be created!!
01-01 00:02:45.156   223   223 I MFI-Conn: posix_thrd_init(): The thrd with TID = 385 has been created!!
01-01 00:02:45.156   223   223 D MFI-Conn: mfia_task_exec(): 6
01-01 00:02:45.157   223   385 I MFI-Conn: ro.crypto.state = unencrypted
01-01 00:02:45.157   223   223 E MFI-Conn: ==== thrd_task_exec(): the internal FD 6 for conn. is connected!! ====
01-01 00:02:45.157   223   385 I MFI-Conn: waiting nvram ready! 0
01-01 00:02:45.157   223   223 I MFI-Conn: mal_mfia_start(): the MFIA entity has been initialized!!
01-01 00:02:45.208   233   233 D NVRAM   : length of g_NVRAM_BACKUP_DEVICE=59
01-01 00:02:45.208   233   233 D NVRAM   : nvram_layout_callback will run!!!
01-01 00:02:45.208   233   233 D NVRAM   : nvram_platform_log_block: 2
01-01 00:02:45.208   233   233 D NVRAM   : nvram_platform_resv_block: 2
01-01 00:02:45.208   233   233 D NVRAM   : nvram_platform_DM_block: 1
01-01 00:02:45.208   233   233 D NVRAM   : nvram_platform_layout_version: 0
01-01 00:02:45.208   233   233 D NVRAM   : nvram_platform_header_offset: 0
01-01 00:02:45.208   233   233 D NVRAM   : g_i4CFG_File_Count: 49
01-01 00:02:45.208   233   233 D NVRAM   : NVM_Init Max Lid: 73
01-01 00:02:45.209   233   233 D NVRAM   : [NVRAM]: info nvram_gpt_flag =1
01-01 00:02:45.209   233   233 D NVRAM   : Total nvram Lid number is 73
01-01 00:02:45.209   233   233 D NVRAM   : Check if upgrade status
01-01 00:02:45.210   233   233 D NVRAM   : enter clean boot
01-01 00:02:45.210   233   233 D NVRAM   : [NVRAM]:FileOp_RestoreFromBinRegion
01-01 00:02:45.210   233   233 D NVRAM   : [NVRAM]:cMtdDevName:/dev/block/platform/mtk-msdc.0/11120000.msdc0/by-name/nvram
01-01 00:02:45.210   233   233 D NVRAM   : libfile nvram_platform_log_block =2,nvram_platform_resv_block=2,nvram_platform_DM_block=1 nvram_platform_layout_version##=0
01-01 00:02:45.210   233   233 D NVRAM   : [NVRAM]: BinRegionBlockTotalNum 36 , NvRamBlockNum=35
01-01 00:02:45.216   274   274 F libc    : page record for 0xb6f6e01c was not found (block_size=16)
01-01 00:02:45.228   233   233 D NVRAM   : [NVRAM]:iBlockNum:35
01-01 00:02:45.229   233   233 D NVRAM   : [NVRAM]:iBlockNum:34
01-01 00:02:45.231   233   233 D NVRAM   : [NVRAM]:read:131072
01-01 00:02:45.231   233   233 D NVRAM   : [NVRAM]:iBitMapFlag:0,BitMapFlag:-1430532899
01-01 00:02:45.231   233   233 D NVRAM   : [NVRAM]:iBlockNum:33
01-01 00:02:45.233   233   233 D NVRAM   : [NVRAM]:read:131072
01-01 00:02:45.233   233   233 D NVRAM   : [NVRAM]:iBitMapFlag:0,BitMapFlag:-1430532899
01-01 00:02:45.233   233   233 D NVRAM   : [NVRAM]:iBlockNum:32
01-01 00:02:45.237   233   233 D NVRAM   : [NVRAM]:read:131072
01-01 00:02:45.237   233   233 D NVRAM   : [NVRAM]:iBitMapFlag:0,BitMapFlag:-1430532899
01-01 00:02:45.237   233   233 D NVRAM   : [NVRAM]:iBlockNum:31
01-01 00:02:45.239   233   233 D NVRAM   : [NVRAM]:read:131072
01-01 00:02:45.239   233   233 D NVRAM   : [NVRAM]:iBitMapFlag:0,BitMapFlag:-1430532899
01-01 00:02:45.239   233   233 D NVRAM   : [NVRAM]:iBlockNum:30
01-01 00:02:45.244   233   233 D NVRAM   : [NVRAM]:read:131072
01-01 00:02:45.245   233   233 D NVRAM   : [NVRAM]:iBitMapFlag:0,BitMapFlag:-1430532899
01-01 00:02:45.245   233   233 D NVRAM   : [NVRAM]:iBlockNum:29
01-01 00:02:45.251   233   233 D NVRAM   : [NVRAM]:read:131072
01-01 00:02:45.251   233   233 D NVRAM   : [NVRAM]:iBitMapFlag:0,BitMapFlag:-1430532899
01-01 00:02:45.251   233   233 D NVRAM   : [NVRAM]:iBlockNum:28
01-01 00:02:45.255   233   233 D NVRAM   : [NVRAM]:read:131072
01-01 00:02:45.255   233   233 D NVRAM   : [NVRAM]:iBitMapFlag:0,BitMapFlag:-1430532899
01-01 00:02:45.255   233   233 D NVRAM   : [NVRAM]:iBlockNum:27
01-01 00:02:45.258   233   233 D NVRAM   : [NVRAM]:read:131072
01-01 00:02:45.258   233   233 D NVRAM   : [NVRAM]:iBitMapFlag:0,BitMapFlag:-1430532899
01-01 00:02:45.258   233   233 D NVRAM   : [NVRAM]:iBlockNum:26
01-01 00:02:45.261   233   233 D NVRAM   : [NVRAM]:read:131072
01-01 00:02:45.261   233   233 D NVRAM   : [NVRAM]:iBitMapFlag:0,BitMapFlag:-1430532899
01-01 00:02:45.261   233   233 D NVRAM   : [NVRAM]:iBlockNum:25
01-01 00:02:45.263   233   233 D NVRAM   : [NVRAM]:read:131072
01-01 00:02:45.263   233   233 D NVRAM   : [NVRAM]:iBitMapFlag:0,BitMapFlag:-1430532899
01-01 00:02:45.263   233   233 D NVRAM   : [NVRAM]:iBlockNum:24
01-01 00:02:45.265   233   233 D NVRAM   : [NVRAM]:read:131072
01-01 00:02:45.265   233   233 D NVRAM   : [NVRAM]:iBitMapFlag:0,BitMapFlag:-1430532899
01-01 00:02:45.265   233   233 D NVRAM   : [NVRAM]:iBlockNum:23
01-01 00:02:45.267   233   233 D NVRAM   : [NVRAM]:read:131072
01-01 00:02:45.267   233   233 D NVRAM   : [NVRAM]:iBitMapFlag:0,BitMapFlag:-1430532899
01-01 00:02:45.267   233   233 D NVRAM   : [NVRAM]:iBlockNum:22
01-01 00:02:45.269   233   233 D NVRAM   : [NVRAM]:read:131072
01-01 00:02:45.269   233   233 D NVRAM   : [NVRAM]:iBitMapFlag:0,BitMapFlag:-1430532899
01-01 00:02:45.269   233   233 D NVRAM   : [NVRAM]:iBlockNum:21
01-01 00:02:45.276   235   295 D PQ      : [PQ_SERIVCE] DISP PQ init end...
01-01 00:02:45.276   235   295 D PQ      : [PQ_SERIVCE] threadLoop config User_Def PQ... end
01-01 00:02:45.276   233   233 D NVRAM   : [NVRAM]:read:131072
01-01 00:02:45.277   233   233 D NVRAM   : [NVRAM]:iBitMapFlag:0,BitMapFlag:-1430532899
01-01 00:02:45.277   233   233 D NVRAM   : [NVRAM]:iBlockNum:20
01-01 00:02:45.281   199   199 W hwcomposer: [EVENT] Start to listen uevent, addr.nl_pid(199)
01-01 00:02:45.283   233   233 D NVRAM   : [NVRAM]:read:131072
01-01 00:02:45.283   233   233 D NVRAM   : [NVRAM]:iBitMapFlag:0,BitMapFlag:-1430532899
01-01 00:02:45.283   233   233 D NVRAM   : [NVRAM]:iBlockNum:19
01-01 00:02:45.285   198   198 E SELinux : avc:  denied  { find } for service=GuiExtService scontext=u:r:surfaceflinger:s0 tcontext=u:object_r:guiext-server_service:s0 tclass=service_manager
01-01 00:02:45.286   233   233 D NVRAM   : [NVRAM]:read:131072
01-01 00:02:45.286   233   233 D NVRAM   : [NVRAM]:iBitMapFlag:0,BitMapFlag:-1430532899
01-01 00:02:45.286   233   233 D NVRAM   : [NVRAM]:iBlockNum:18
01-01 00:02:45.286   256   256 D GuiExt  : [GuiExtI]   configDisplay, type=0, enable=1, w=480, h=854, bufNum=3
01-01 00:02:45.287   256   256 I GuiExt  : [GuiExtI]   configDisplay, try to modify primary display, type=0, w=480, h=854, bufNum=3
01-01 00:02:45.287   256   256 I GuiExt  : [GuiExtI]   configDisplay, add new type=0, w=480, h=854, bufNum=3
01-01 00:02:45.287   199   199 W hwcomposer: [EVENT] HW VSync State(1)
01-01 00:02:45.287   199   199 I hwcomposer: [DPY] Display Information:
01-01 00:02:45.287   199   199 I hwcomposer: [DPY] # fo current devices : 1
01-01 00:02:45.287   199   199 I hwcomposer: [DPY] ------------------------------------
01-01 00:02:45.287   199   199 I hwcomposer: [DPY] Device id   : 0
01-01 00:02:45.287   199   199 I hwcomposer: [DPY] Width       : 480
01-01 00:02:45.287   199   199 I hwcomposer: [DPY] Height      : 854
01-01 00:02:45.287   199   199 I hwcomposer: [DPY] xdpi        : 220.000000
01-01 00:02:45.287   199   199 I hwcomposer: [DPY] ydpi        : 220.000000
01-01 00:02:45.287   199   199 I hwcomposer: [DPY] vsync       : 1
01-01 00:02:45.288   199   199 I hwcomposer: [DPY] refresh     : 17565431
01-01 00:02:45.288   199   199 I hwcomposer: [DPY] connected   : 1
01-01 00:02:45.288   199   199 I hwcomposer: [DPY] hwrotation  : 0
01-01 00:02:45.288   199   199 I hwcomposer: [DPY] subtype     : 0
01-01 00:02:45.288   199   199 I hwcomposer: [DPY] aspect      : 0.562, 1.779
01-01 00:02:45.288   199   199 I hwcomposer: [DPY] protrait    : [   0,   0, 480, 854]
01-01 00:02:45.288   199   199 I hwcomposer: [DPY] landscape   : [   0,   0, 480, 854]
01-01 00:02:45.288   199   199 I SurfaceFlinger: Using composer version 1.4
01-01 00:02:45.288   199   199 I hwcomposer: [HWC] getConfigs Display(0)
01-01 00:02:45.288   199   199 I hwcomposer: [HWC] getAttributes Display(0)
01-01 00:02:45.288   199   199 I hwcomposer: [HWC] getConfigs Display(1)
01-01 00:02:45.288   199   199 I hwcomposer: [HWC] getAttributes Display(1)
01-01 00:02:45.288   199   199 W hwcomposer: [HWC] Failed to get display attributes (dpy=1 is not connected)
01-01 00:02:45.288   199   199 I hwcomposer: [HWC] getAttributes Display(1)
01-01 00:02:45.288   199   199 W hwcomposer: [HWC] Failed to get display attributes (dpy=1 is not connected)
01-01 00:02:45.289   199   199 I SurfaceFlinger: EGL information:
01-01 00:02:45.289   199   199 I SurfaceFlinger: vendor    : Android
01-01 00:02:45.289   199   199 I SurfaceFlinger: version   : 1.4 Android META-EGL
01-01 00:02:45.289   199   199 I SurfaceFlinger: extensions: EGL_KHR_get_all_proc_addresses EGL_ANDROID_presentation_time EGL_KHR_swap_buffers_with_damage EGL_KHR_image EGL_KHR_image_base EGL_KHR_image_pixmap EGL_KHR_gl_texture_2D_image EGL_KHR_gl_texture_cubemap_image EGL_KHR_gl_renderbuffer_image EGL_KHR_fence_sync EGL_KHR_create_context EGL_EXT_create_context_robustness EGL_ANDROID_image_native_buffer EGL_ANDROID_recordable EGL_KHR_partial_update EGL_EXT_buffer_age 
01-01 00:02:45.289   199   199 I SurfaceFlinger: Client API: OpenGL_ES
01-01 00:02:45.289   199   199 I SurfaceFlinger: EGLSurface: 8-8-8-8, config=0x60000016
01-01 00:02:45.291   233   233 D NVRAM   : [NVRAM]:read:131072
01-01 00:02:45.291   233   233 D NVRAM   : [NVRAM]:iBitMapFlag:0,BitMapFlag:-1430532899
01-01 00:02:45.291   233   233 D NVRAM   : [NVRAM]:iBlockNum:17
01-01 00:02:45.293   199   199 I SurfaceFlinger: OpenGL ES informations:
01-01 00:02:45.293   199   199 I SurfaceFlinger: vendor    : ARM
01-01 00:02:45.293   199   199 I SurfaceFlinger: renderer  : Mali-400 MP
01-01 00:02:45.293   199   199 I SurfaceFlinger: version   : OpenGL ES 2.0
